Component: ARM Compiler 5.06 update 2 (build 183) Tool: armlink [4d35b7]

==============================================================================

Section Cross References

    ucos_task.o(.text) refers to time.o(.text) for Get_Cycle_T
    ucos_task.o(.text) refers to delay.o(.text) for delay_ms
    ucos_task.o(.text) refers to rc_mine.o(.text) for Nrf_Check_Event
    ucos_task.o(.text) refers to led_fc.o(.text) for sd_check
    ucos_task.o(.text) refers to sdio.o(.text) for SD_Init
    ucos_task.o(.text) refers to exfuns.o(.text) for exfuns_init
    ucos_task.o(.text) refers to sd.o(.text) for SD_INIT
    ucos_task.o(.text) refers to m100.o(.text) for m100_data
    ucos_task.o(.text) refers to f2d.o(x$fpl$f2d) for __aeabi_f2d
    ucos_task.o(.text) refers to drleqf.o(x$fpl$drleqf) for __aeabi_cdrcmple
    ucos_task.o(.text) refers to flash.o(.text) for WRITE_PARM
    ucos_task.o(.text) refers to fliter.o(.text) for Moving_Median
    ucos_task.o(.text) refers to ucos_task.o(.data) for inner_loop_time
    ucos_task.o(.text) refers to led_fc.o(.data) for sd_insert
    ucos_task.o(.text) refers to sd.o(.data) for sd_had_init
    ucos_task.o(.text) refers to sd.o(.bss) for sd
    ucos_task.o(.text) refers to usart_fc.o(.data) for en_save
    ucos_task.o(.text) refers to usart_fc.o(.bss) for mode
    ucos_task.o(.text) refers to m100.o(.bss) for m100
    ucos_task.o(.text) refers to sbus.o(.data) for channels
    ucos_task.o(.text) refers to flash.o(.data) for SBUS_MID
    ucos_task.o(.text) refers to time.o(.bss) for ppm_rx
    ucos_task.o(.text) refers to rc.o(.text) for Mode_FC
    ucos_task.o(.text) refers to dflt_clz.o(x$fpl$dfltu) for __aeabi_ui2d
    ucos_task.o(.text) refers to fabs.o(i.__hardfp_fabs) for __hardfp_fabs
    ucos_task.o(.text) refers to os_core.o(.data) for OSCPUUsage
    ucos_task.o(.text) refers to circle.o(.bss) for circle
    main.o(.text) refers to os_mbox.o(.text) for OSMboxCreate
    main.o(.text) refers to os_q.o(.text) for OSQCreate
    main.o(.text) refers to os_flag.o(.text) for OSFlagCreate
    main.o(.text) refers to os_core.o(.text) for OSStatInit
    main.o(.text) refers to os_tmr.o(.text) for OSTmrCreate
    main.o(.text) refers to os_cpu_a.o(.text) for OS_CPU_SR_Save
    main.o(.text) refers to os_task.o(.text) for OSTaskCreate
    main.o(.text) refers to misc.o(.text) for NVIC_PriorityGroupConfig
    main.o(.text) refers to delay.o(.text) for delay_init
    main.o(.text) refers to time.o(.text) for TIM3_Cap_Init
    main.o(.text) refers to parameter.o(.text) for Para_Init
    main.o(.text) refers to flash.o(.text) for READ_PARM
    main.o(.text) refers to led_fc.o(.text) for LED_Init
    main.o(.text) refers to malloc.o(.text) for my_mem_init
    main.o(.text) refers to usart_fc.o(.text) for Usart1_Init
    main.o(.text) refers to dma.o(.text) for MYDMA_Config
    main.o(.text) refers to spi_nrf.o(.text) for Spi1_Init
    main.o(.text) refers to nrf.o(.text) for Nrf24l01_Init
    main.o(.text) refers to stm32f4xx_usart.o(.text) for USART_DMACmd
    main.o(.text) refers to main.o(.data) for msg_key
    main.o(.text) refers to main.o(.bss) for MsgGrp
    main.o(.text) refers to ucos_task.o(.text) for tmr1_callback
    main.o(.text) refers to ucos_task.o(.data) for tmr1
    main.o(.text) refers to ucos_task.o(.bss) for INNER_TASK_STK
    main.o(.text) refers to usart_fc.o(.bss) for SendBuff1
    main.o(.text) refers to circle.o(.bss) for track
    main.o(.text) refers to rc.o(.data) for fly_ready
    main.o(.text) refers to rc.o(.bss) for RX_CH
    main.o(.text) refers to m100.o(.bss) for m100
    system_stm32f4xx.o(.text) refers to system_stm32f4xx.o(.data) for SystemCoreClock
    startup_stm32f40_41xxx.o(STACK) refers (Special) to heapauxi.o(.text) for __use_two_region_memory
    startup_stm32f40_41xxx.o(HEAP) refers (Special) to heapauxi.o(.text) for __use_two_region_memory
    startup_stm32f40_41xxx.o(RESET) refers (Special) to heapauxi.o(.text) for __use_two_region_memory
    startup_stm32f40_41xxx.o(RESET) refers to startup_stm32f40_41xxx.o(STACK) for __initial_sp
    startup_stm32f40_41xxx.o(RESET) refers to startup_stm32f40_41xxx.o(.text) for Reset_Handler
    startup_stm32f40_41xxx.o(RESET) refers to stm32f4xx_it.o(.text) for NMI_Handler
    startup_stm32f40_41xxx.o(RESET) refers to os_cpu_a.o(.text) for PendSV_Handler
    startup_stm32f40_41xxx.o(RESET) refers to delay.o(.text) for SysTick_Handler
    startup_stm32f40_41xxx.o(RESET) refers to time.o(.text) for TIM3_IRQHandler
    startup_stm32f40_41xxx.o(RESET) refers to usart_fc.o(.text) for USART1_IRQHandler
    startup_stm32f40_41xxx.o(RESET) refers to sdio.o(.text) for SDIO_IRQHandler
    startup_stm32f40_41xxx.o(.text) refers (Special) to heapauxi.o(.text) for __use_two_region_memory
    startup_stm32f40_41xxx.o(.text) refers to system_stm32f4xx.o(.text) for SystemInit
    startup_stm32f40_41xxx.o(.text) refers to __main.o(!!!main) for __main
[...]
    sd_check                                 0x08007773   Thumb Code    24  led_fc.o(.text)
    LEDRGB_STATE                             0x0800778b   Thumb Code   742  led_fc.o(.text)
    Para_Init                                0x08007a83   Thumb Code     2  parameter.o(.text)
    Spi1_Init                                0x08007a85   Thumb Code   298  spi_nrf.o(.text)
    Spi_RW                                   0x08007baf   Thumb Code    50  spi_nrf.o(.text)
    SysTick_Configuration                    0x08007be9   Thumb Code    98  time.o(.text)
    micros                                   0x08007c4b   Thumb Code    10  time.o(.text)
    GetSysTime_us                            0x08007c55   Thumb Code     8  time.o(.text)
    Delay_us                                 0x08007c5d   Thumb Code    12  time.o(.text)
    Delay_ms                                 0x08007c69   Thumb Code    24  time.o(.text)
    Get_Cycle_T                              0x08007c81   Thumb Code   118  time.o(.text)
    Cycle_Time_Init                          0x08007cf7   Thumb Code    22  time.o(.text)
    Initial_Timer_SYS                        0x08007d0d   Thumb Code    46  time.o(.text)
    TIM3_Cap_Init                            0x08007d3b   Thumb Code   170  time.o(.text)
    TIM3_IRQHandler                          0x08007de5   Thumb Code   372  time.o(.text)
    TIM2_Int_Init                            0x08007f59   Thumb Code    88  time.o(.text)
    TIM5_IRQHandler                          0x08007fb1   Thumb Code   196  time.o(.text)
    MYDMA_Config                             0x08008085   Thumb Code   184  dma.o(.text)
    MYDMA_Enable                             0x0800813d   Thumb Code    44  dma.o(.text)
    NRF_Write_Reg                            0x0800816d   Thumb Code    44  nrf.o(.text)
    NRF_Read_Reg                             0x08008199   Thumb Code    42  nrf.o(.text)
    NRF_Write_Buf                            0x080081c3   Thumb Code    62  nrf.o(.text)
    NRF_Read_Buf                             0x08008201   Thumb Code    64  nrf.o(.text)
    NRF_TxPacket                             0x08008241   Thumb Code    48  nrf.o(.text)
    NRF_TxPacket_AP                          0x08008271   Thumb Code    38  nrf.o(.text)
    Nrf24l01_Check                           0x08008297   Thumb Code    62  nrf.o(.text)
    NRF24L01_RxPacket                        0x080082d5   Thumb Code    52  nrf.o(.text)
    Nrf24l01_Init                            0x08008309   Thumb Code   242  nrf.o(.text)
    GetMedianNum                             0x08008409   Thumb Code   174  rc_mine.o(.text)
    NRF_DataAnl                              0x080084b7   Thumb Code  1248  rc_mine.o(.text)
    Nrf_Check_Event                          0x08008997   Thumb Code   196  rc_mine.o(.text)
    NRF_Send_ARMED                           0x08008a5b   Thumb Code   550  rc_mine.o(.text)
    NRF_Send_RC_PID1                         0x08008c81   Thumb Code   300  rc_mine.o(.text)
    NRF_Send_RC_PID2                         0x08008dad   Thumb Code   238  rc_mine.o(.text)
    NRF_Send_RC_Sensor                       0x08008e9b   Thumb Code   194  rc_mine.o(.text)
    NRF_Send_RC_GPS                          0x08008f5d   Thumb Code   496  rc_mine.o(.text)
    NRF_Send_RC_DEBUG1                       0x0800914d   Thumb Code   114  rc_mine.o(.text)
    NRF_Send_RC_QR                           0x080091bf   Thumb Code   468  rc_mine.o(.text)
    RC_Send_Task                             0x08009393   Thumb Code    98  rc_mine.o(.text)
    Send_RC_PWM                              0x080093f5   Thumb Code   474  rc_mine.o(.text)
    Send_RC                                  0x080095cf   Thumb Code   138  rc_mine.o(.text)
    CH_Mapping_Fun                           0x08009661   Thumb Code    28  rc.o(.text)
    RC_Duty                                  0x0800967d   Thumb Code  1116  rc.o(.text)
    Fly_Ready                                0x08009ad9   Thumb Code   232  rc.o(.text)
    Feed_Rc_Dog                              0x08009bc1   Thumb Code    12  rc.o(.text)
    Mode_FC                                  0x08009bcd   Thumb Code   122  rc.o(.text)
    Usart2_Init                              0x08009c71   Thumb Code   210  usart_fc.o(.text)
    Data_IMU                                 0x08009d43   Thumb Code    76  usart_fc.o(.text)
    USART2_IRQHandler                        0x08009d8f   Thumb Code   338  usart_fc.o(.text)
    UsartSend_GOL_LINK                       0x08009ee1   Thumb Code    28  usart_fc.o(.text)
    Send_Data_GOL_LINK                       0x08009efd   Thumb Code    26  usart_fc.o(.text)
    UsartSend_M100                           0x08009f17   Thumb Code    28  usart_fc.o(.text)
    Usart1_Init                              0x08009f33   Thumb Code   218  usart_fc.o(.text)
    DATA_M100                                0x0800a00d   Thumb Code  1024  usart_fc.o(.text)
    data_check_float                         0x0800a40d   Thumb Code    30  usart_fc.o(.text)
    data_check_int                           0x0800a42b   Thumb Code    42  usart_fc.o(.text)
    Data_Receive_Anl_FC                      0x0800a455   Thumb Code  2796  usart_fc.o(.text)
    USART1_IRQHandler                        0x0800af41   Thumb Code   342  usart_fc.o(.text)
    Send_RC_TO_FC                            0x0800b097   Thumb Code  1350  usart_fc.o(.text)
    data_per_uart1_dma                       0x0800b5dd   Thumb Code  2642  usart_fc.o(.text)
    clear_nrf_uart                           0x0800c02f   Thumb Code    26  usart_fc.o(.text)
    Usart3_Init                              0x0800c049   Thumb Code   226  usart_fc.o(.text)
    USART3_IRQHandler                        0x0800c12b   Thumb Code   314  usart_fc.o(.text)
    m100_rst                                 0x0800c299   Thumb Code    44  m100.o(.text)
    m100_disarm                              0x0800c2c5   Thumb Code    42  m100.o(.text)
    m100_arm                                 0x0800c2ef   Thumb Code    42  m100.o(.text)
    m100_activate                            0x0800c319   Thumb Code    36  m100.o(.text)
    m100_activate_long                       0x0800c33d   Thumb Code    30  m100.o(.text)
    m100_obtain_control                      0x0800c35b   Thumb Code    42  m100.o(.text)
    m100_obtain_control_long                 0x0800c385   Thumb Code    30  m100.o(.text)
    m100_dis_control                         0x0800c3a3   Thumb Code    42  m100.o(.text)
    m100_rth                                 0x0800c3cd   Thumb Code    42  m100.o(.text)
    m100_take_off                            0x0800c3f7   Thumb Code    42  m100.o(.text)
    m100_take_off_long                       0x0800c421   Thumb Code    30  m100.o(.text)
    m100_land_control                        0x0800c43f   Thumb Code    42  m100.o(.text)
    m100_land_control_long                   0x0800c469   Thumb Code    30  m100.o(.text)
    m100_dis_control_long                    0x0800c487   Thumb Code    30  m100.o(.text)
    m100_data                                0x0800c4a5   Thumb Code    42  m100.o(.text)
    m100_vRc_on_A                            0x0800c4cf   Thumb Code    42  m100.o(.text)
    m100_vRc_on_F                            0x0800c4f9   Thumb Code    42  m100.o(.text)
    m100_vRc_off                             0x0800c523   Thumb Code    42  m100.o(.text)
    m100_contrl                              0x0800c54d   Thumb Code   810  m100.o(.text)
    Moving_Average                           0x0800c881   Thumb Code    94  fliter.o(.text)
    Moving_Median                            0x0800c8df   Thumb Code   228  fliter.o(.text)
    IIR_I_Filter                             0x0800c9c3   Thumb Code   294  fliter.o(.text)
    KalmanFilter                             0x0800cae9   Thumb Code   272  fliter.o(.text)
    LPF_1st                                  0x0800cbf9   Thumb Code    22  fliter.o(.text)
    simple_3d_trans                          0x0800cc0f   Thumb Code   316  fliter.o(.text)
    my_abs                                   0x0800cd4d   Thumb Code    26  my_math.o(.text)
    fast_atan2                               0x0800cd67   Thumb Code   350  my_math.o(.text)
    my_atan                                  0x0800cec5   Thumb Code    24  my_math.o(.text)
    my_pow                                   0x0800cedd   Thumb Code    10  my_math.o(.text)
    my_sqrt                                  0x0800cee7   Thumb Code    88  my_math.o(.text)
    mx_sin                                   0x0800cf3f   Thumb Code   292  my_math.o(.text)
    my_sin                                   0x0800d063   Thumb Code   108  my_math.o(.text)
    my_cos                                   0x0800d0cf   Thumb Code   136  my_math.o(.text)
    my_deathzoom                             0x0800d157   Thumb Code   158  my_math.o(.text)
    my_deathzoom_2                           0x0800d1f5   Thumb Code    40  my_math.o(.text)
    limit_mine                               0x0800d21d   Thumb Code    40  my_math.o(.text)
    limit_mine2                              0x0800d245   Thumb Code    36  my_math.o(.text)
    To_180_degrees                           0x0800d269   Thumb Code    58  my_math.o(.text)
    my_pow_2_curve                           0x0800d2a3   Thumb Code    80  my_math.o(.text)
    SD_INIT                                  0x0800d301   Thumb Code    20  sd.o(.text)
    Uart_zero_fix                            0x0800d315   Thumb Code    24  sd.o(.text)
    sd_task_init                             0x0800d32d   Thumb Code    20  sd.o(.text)
    sd_task_init1                            0x0800d341   Thumb Code   150  sd.o(.text)
    my_itoa                                  0x0800d3d7   Thumb Code   136  sd.o(.text)
    my_ftoa                                  0x0800d45f   Thumb Code   216  sd.o(.text)
    creat_floder                             0x0800d537   Thumb Code   102  sd.o(.text)
    sd_write                                 0x0800d59d   Thumb Code   496  sd.o(.text)
    SD_Save_Task                             0x0800d78d   Thumb Code   500  sd.o(.text)
    mymemcpy                                 0x0800d9dd   Thumb Code    26  malloc.o(.text)
    mymemset                                 0x0800d9f7   Thumb Code    20  malloc.o(.text)
    my_mem_init                              0x0800da0b   Thumb Code    54  malloc.o(.text)
    my_mem_perused                           0x0800da41   Thumb Code    54  malloc.o(.text)
    my_mem_malloc                            0x0800da77   Thumb Code   154  malloc.o(.text)
    my_mem_free                              0x0800db11   Thumb Code    94  malloc.o(.text)
    myfree                                   0x0800db6f   Thumb Code    32  malloc.o(.text)
    mymalloc                                 0x0800db8f   Thumb Code    36  malloc.o(.text)
    myrealloc                                0x0800dbb3   Thumb Code    68  malloc.o(.text)
    clust2sect                               0x0800ddb7   Thumb Code    26  ff.o(.text)
    get_fat                                  0x0800ddd1   Thumb Code   232  ff.o(.text)
    put_fat                                  0x0800deb9   Thumb Code   310  ff.o(.text)
    dir_sdi                                  0x0800e163   Thumb Code   158  ff.o(.text)
    f_mount                                  0x0800f1d5   Thumb Code    86  ff.o(.text)
    f_open                                   0x0800f22b   Thumb Code   384  ff.o(.text)
    f_read                                   0x0800f3ab   Thumb Code   448  ff.o(.text)
    f_write                                  0x0800f56b   Thumb Code   490  ff.o(.text)
    f_sync                                   0x0800f755   Thumb Code   176  ff.o(.text)
    f_close                                  0x0800f805   Thumb Code    36  ff.o(.text)
    f_lseek                                  0x0800f829   Thumb Code   654  ff.o(.text)
    f_opendir                                0x0800fab7   Thumb Code   136  ff.o(.text)
    f_closedir                               0x0800fb3f   Thumb Code    22  ff.o(.text)
    f_readdir                                0x0800fb55   Thumb Code   114  ff.o(.text)
    f_stat                                   0x0800fbc7   Thumb Code    84  ff.o(.text)
    f_getfree                                0x0800fc1b   Thumb Code   258  ff.o(.text)
    f_truncate                               0x0800fd1d   Thumb Code   184  ff.o(.text)
    f_unlink                                 0x0800fdd5   Thumb Code   194  ff.o(.text)
    f_mkdir                                  0x0800fe97   Thumb Code   380  ff.o(.text)
    f_chmod                                  0x08010013   Thumb Code   112  ff.o(.text)
    f_utime                                  0x08010083   Thumb Code   110  ff.o(.text)
    f_rename                                 0x080100f1   Thumb Code   314  ff.o(.text)
    f_getlabel                               0x0801022b   Thumb Code   190  ff.o(.text)
    f_setlabel                               0x080102e9   Thumb Code   470  ff.o(.text)
    f_mkfs                                   0x080104bf   Thumb Code  1570  ff.o(.text)
    f_gets                                   0x08010ae1   Thumb Code    82  ff.o(.text)
    f_putc                                   0x08010b77   Thumb Code    64  ff.o(.text)
    f_puts                                   0x08010bb7   Thumb Code    74  ff.o(.text)
    f_printf                                 0x08010c01   Thumb Code   674  ff.o(.text)
    disk_initialize                          0x08010ea5   Thumb Code    40  diskio.o(.text)
    disk_status                              0x08010ecd   Thumb Code     6  diskio.o(.text)
    disk_read                                0x08010ed3   Thumb Code    86  diskio.o(.text)
    disk_write                               0x08010f29   Thumb Code    86  diskio.o(.text)
    disk_ioctl                               0x08010f7f   Thumb Code   102  diskio.o(.text)
    get_fattime                              0x08010fe5   Thumb Code     4  diskio.o(.text)
    ff_memalloc                              0x08010fe9   Thumb Code    14  diskio.o(.text)
    ff_memfree                               0x08010ff7   Thumb Code    14  diskio.o(.text)
    ff_convert                               0x08011009   Thumb Code   116  cc936.o(.text)
    ff_wtoupper                              0x0801107d   Thumb Code    46  cc936.o(.text)
    SDIO_Register_Deinit                     0x080110bd   Thumb Code    48  sdio.o(.text)
    SD_SetDeviceMode                         0x080110ed   Thumb Code    20  sdio.o(.text)
    SDIO_Clock_Set                           0x08011101   Thumb Code    18  sdio.o(.text)
    CmdResp1Error                            0x08011113   Thumb Code    96  sdio.o(.text)
    FindSCR                                  0x08011173   Thumb Code   390  sdio.o(.text)
    SDEnWideBus                              0x080112f9   Thumb Code   160  sdio.o(.text)
    SD_EnableWideBusOperation                0x08011399   Thumb Code    98  sdio.o(.text)
    SD_SelectDeselect                        0x080113fb   Thumb Code    42  sdio.o(.text)
    SD_GetCardInfo                           0x08011425   Thumb Code   806  sdio.o(.text)
    CmdResp2Error                            0x0801174b   Thumb Code    80  sdio.o(.text)
    CmdResp6Error                            0x0801179b   Thumb Code   144  sdio.o(.text)
    SD_InitializeCards                       0x0801182b   Thumb Code   354  sdio.o(.text)
    CmdResp3Error                            0x0801198d   Thumb Code    52  sdio.o(.text)
    CmdResp7Error                            0x080119c1   Thumb Code    72  sdio.o(.text)
    CmdError                                 0x08011a09   Thumb Code    48  sdio.o(.text)
    SD_PowerON                               0x08011a39   Thumb Code   460  sdio.o(.text)
    SD_Init                                  0x08011c05   Thumb Code   334  sdio.o(.text)
    SD_PowerOFF                              0x08011d53   Thumb Code    12  sdio.o(.text)
    SD_DMA_Config                            0x08011d5f   Thumb Code   118  sdio.o(.text)
    convert_from_bytes_to_power_of_two       0x08011dd5   Thumb Code    18  sdio.o(.text)
    SD_ReadBlock                             0x08011de7   Thumb Code   578  sdio.o(.text)
    SD_ReadMultiBlocks                       0x08012029   Thumb Code   762  sdio.o(.text)
    IsCardProgramming                        0x08012323   Thumb Code   150  sdio.o(.text)
    SD_WriteBlock                            0x080123b9   Thumb Code   914  sdio.o(.text)
    SD_WriteMultiBlocks                      0x0801274b   Thumb Code   976  sdio.o(.text)
    SD_ProcessIRQSrc                         0x08012b1b   Thumb Code   322  sdio.o(.text)
    SDIO_IRQHandler                          0x08012c5d   Thumb Code     8  sdio.o(.text)
    SD_SendStatus                            0x08012c65   Thumb Code    74  sdio.o(.text)
    SD_GetState                              0x08012caf   Thumb Code    26  sdio.o(.text)
    SD_ReadDisk                              0x08012cc9   Thumb Code   192  sdio.o(.text)
    SD_WriteDisk                             0x08012d89   Thumb Code   152  sdio.o(.text)
    exfuns_init                              0x08012e29   Thumb Code   114  exfuns.o(.text)
    char_upper                               0x08012e9b   Thumb Code    26  exfuns.o(.text)
    f_typetell                               0x08012eb5   Thumb Code   172  exfuns.o(.text)
    exf_getfree                              0x08012f61   Thumb Code    74  exfuns.o(.text)
    sbus_anal_oldx                           0x08012fc1   Thumb Code   462  sbus.o(.text)
    oldx_sbus_rx                             0x0801318f   Thumb Code   120  sbus.o(.text)
    __aeabi_ldivmod                          0x08013221   Thumb Code     0  llsdiv.o(.text)
    _ll_sdiv                                 0x08013221   Thumb Code    72  llsdiv.o(.text)
    __2sprintf                               0x08013269   Thumb Code    34  noretval__2sprintf.o(.text)
    __printf                                 0x08013291   Thumb Code   104  __printf.o(.text)
    _printf_int_dec                          0x080132f9   Thumb Code   104  _printf_dec.o(.text)
    strcpy                                   0x08013371   Thumb Code    72  strcpy.o(.text)
    strlen                                   0x080133b9   Thumb Code    62  strlen.o(.text)
    strcat                                   0x080133f7   Thumb Code    24  strcat.o(.text)
    __aeabi_memcpy                           0x0801340f   Thumb Code     0  rt_memcpy_v6.o(.text)
    __rt_memcpy                              0x0801340f   Thumb Code   138  rt_memcpy_v6.o(.text)
    _memcpy_lastbytes                        0x08013475   Thumb Code     0  rt_memcpy_v6.o(.text)
    __aeabi_memcpy4                          0x08013499   Thumb Code     0  rt_memcpy_w.o(.text)
    __aeabi_memcpy8                          0x08013499   Thumb Code     0  rt_memcpy_w.o(.text)
    __rt_memcpy_w                            0x08013499   Thumb Code   100  rt_memcpy_w.o(.text)
    _memcpy_lastbytes_aligned                0x080134e1   Thumb Code     0  rt_memcpy_w.o(.text)
    __aeabi_memclr4                          0x080134fd   Thumb Code     0  rt_memclr_w.o(.text)
    __aeabi_memclr8                          0x080134fd   Thumb Code     0  rt_memclr_w.o(.text)
    __rt_memclr_w                            0x080134fd   Thumb Code    78  rt_memclr_w.o(.text)
    _memset_w                                0x08013501   Thumb Code     0  rt_memclr_w.o(.text)
    strcmp                                   0x0801354d   Thumb Code   128  strcmpv7m.o(.text)
    __use_two_region_memory                  0x080135cd   Thumb Code     2  heapauxi.o(.text)
    __rt_heap_escrow$2region                 0x080135cf   Thumb Code     2  heapauxi.o(.text)
    __rt_heap_expand$2region                 0x080135d1   Thumb Code     2  heapauxi.o(.text)
    __aeabi_uldivmod                         0x080135d3   Thumb Code     0  lludivv7m.o(.text)
    _ll_udiv                                 0x080135d3   Thumb Code   238  lludivv7m.o(.text)
    __read_errno                             0x080136c1   Thumb Code    10  _rserrno.o(.text)
    __set_errno                              0x080136cb   Thumb Code    12  _rserrno.o(.text)
    _printf_int_common                       0x080136d7   Thumb Code   178  _printf_intcommon.o(.text)
    _printf_char_common                      0x08013793   Thumb Code    32  _printf_char_common.o(.text)
    _sputc                                   0x080137b9   Thumb Code    10  _sputc.o(.text)
    __aeabi_errno_addr                       0x080137c5   Thumb Code     8  rt_errno_addr_intlibspace.o(.text)
    __errno$intlibspace                      0x080137c5   Thumb Code     0  rt_errno_addr_intlibspace.o(.text)
    __rt_errno_addr$intlibspace              0x080137c5   Thumb Code     0  rt_errno_addr_intlibspace.o(.text)
    __user_libspace                          0x080137cd   Thumb Code     8  libspace.o(.text)
    __user_perproc_libspace                  0x080137cd   Thumb Code     0  libspace.o(.text)
    __user_perthread_libspace                0x080137cd   Thumb Code     0  libspace.o(.text)
    __user_setup_stackheap                   0x080137d5   Thumb Code    74  sys_stackheap_outer.o(.text)
    exit                                     0x0801381f   Thumb Code    18  exit.o(.text)
    _sys_exit                                0x08013831   Thumb Code     8  sys_exit.o(.text)
    __I$use$semihosting                      0x0801383d   Thumb Code     0  use_no_semi.o(.text)
    __use_no_semihosting_swi                 0x0801383d   Thumb Code     2  use_no_semi.o(.text)
    __ARM_fpclassify                         0x0801383f   Thumb Code    48  fpclassify.o(i.__ARM_fpclassify)
    __semihosting_library_function           0x0801383f   Thumb Code     0  indicate_semi.o(.text)
    __hardfp_fabs                            0x0801386f   Thumb Code    20  fabs.o(i.__hardfp_fabs)
    __hardfp_pow                             0x08013889   Thumb Code  3072  pow.o(i.__hardfp_pow)
    __kernel_poly                            0x080144d9   Thumb Code   248  poly.o(i.__kernel_poly)
    __mathlib_dbl_divzero                    0x080145d1   Thumb Code    28  dunder.o(i.__mathlib_dbl_divzero)
    __mathlib_dbl_infnan2                    0x08014601   Thumb Code    20  dunder.o(i.__mathlib_dbl_infnan2)
    __mathlib_dbl_invalid                    0x08014619   Thumb Code    24  dunder.o(i.__mathlib_dbl_invalid)
    __mathlib_dbl_overflow                   0x08014639   Thumb Code    24  dunder.o(i.__mathlib_dbl_overflow)
    __mathlib_dbl_underflow                  0x08014659   Thumb Code    24  dunder.o(i.__mathlib_dbl_underflow)
    fabs                                     0x08014679   Thumb Code    24  fabs.o(i.fabs)
    sqrt                                     0x08014691   Thumb Code   110  sqrt.o(i.sqrt)
    __aeabi_dneg                             0x080146ff   Thumb Code     0  basic.o(x$fpl$basic)
    _dneg                                    0x080146ff   Thumb Code     6  basic.o(x$fpl$basic)
    __aeabi_fneg                             0x08014705   Thumb Code     0  basic.o(x$fpl$basic)
    _fneg                                    0x08014705   Thumb Code     6  basic.o(x$fpl$basic)
    _dabs                                    0x0801470b   Thumb Code     6  basic.o(x$fpl$basic)
    _fabs                                    0x08014711   Thumb Code     6  basic.o(x$fpl$basic)
    __aeabi_d2f                              0x08014719   Thumb Code     0  d2f.o(x$fpl$d2f)
    _d2f                                     0x08014719   Thumb Code    98  d2f.o(x$fpl$d2f)
    __aeabi_dadd                             0x0801477d   Thumb Code     0  daddsub_clz.o(x$fpl$dadd)
    _dadd                                    0x0801477d   Thumb Code   332  daddsub_clz.o(x$fpl$dadd)
    __fpl_dcheck_NaN1                        0x080148cd   Thumb Code    10  dcheck1.o(x$fpl$dcheck1)
    __fpl_dcmp_Inf                           0x080148dd   Thumb Code    24  dcmpi.o(x$fpl$dcmpinf)
    __aeabi_ddiv                             0x080148f5   Thumb Code     0  ddiv.o(x$fpl$ddiv)
    _ddiv                                    0x080148f5   Thumb Code   552  ddiv.o(x$fpl$ddiv)
    __aeabi_d2iz                             0x08014ba5   Thumb Code     0  dfix.o(x$fpl$dfix)
    _dfix                                    0x08014ba5   Thumb Code    94  dfix.o(x$fpl$dfix)
    __aeabi_i2d                              0x08014c03   Thumb Code     0  dflt_clz.o(x$fpl$dflt)
    _dflt                                    0x08014c03   Thumb Code    46  dflt_clz.o(x$fpl$dflt)
    __aeabi_ui2d                             0x08014c31   Thumb Code     0  dflt_clz.o(x$fpl$dfltu)
    _dfltu                                   0x08014c31   Thumb Code    38  dflt_clz.o(x$fpl$dfltu)
    __aeabi_cdcmple                          0x08014c59   Thumb Code     0  dleqf.o(x$fpl$dleqf)
    _dcmple                                  0x08014c59   Thumb Code   120  dleqf.o(x$fpl$dleqf)
    __fpl_dcmple_InfNaN                      0x08014cbb   Thumb Code     0  dleqf.o(x$fpl$dleqf)
    __aeabi_dmul                             0x08014cd1   Thumb Code     0  dmul.o(x$fpl$dmul)
    _dmul                                    0x08014cd1   Thumb Code   332  dmul.o(x$fpl$dmul)
    __fpl_dnaninf                            0x08014e25   Thumb Code   156  dnaninf.o(x$fpl$dnaninf)
    __fpl_dretinf                            0x08014ec1   Thumb Code    12  dretinf.o(x$fpl$dretinf)
    __aeabi_cdrcmple                         0x08014ecd   Thumb Code     0  drleqf.o(x$fpl$drleqf)
    _drcmple                                 0x08014ecd   Thumb Code   108  drleqf.o(x$fpl$drleqf)
    __aeabi_drsub                            0x08014f39   Thumb Code     0  daddsub_clz.o(x$fpl$drsb)
    _drsb                                    0x08014f39   Thumb Code    22  daddsub_clz.o(x$fpl$drsb)
    _dsqrt                                   0x08014f51   Thumb Code   404  dsqrt_umaal.o(x$fpl$dsqrt)
    __aeabi_dsub                             0x080150e9   Thumb Code     0  daddsub_clz.o(x$fpl$dsub)
    _dsub                                    0x080150e9   Thumb Code   464  daddsub_clz.o(x$fpl$dsub)
    __aeabi_f2d                              0x080152bd   Thumb Code     0  f2d.o(x$fpl$f2d)
    _f2d                                     0x080152bd   Thumb Code    86  f2d.o(x$fpl$f2d)
    __fpl_fnaninf                            0x08015313   Thumb Code   140  fnaninf.o(x$fpl$fnaninf)
    _fp_init                                 0x0801539f   Thumb Code    10  fpinit.o(x$fpl$fpinit)
    __fplib_config_fpu_vfp                   0x080153a7   Thumb Code     0  fpinit.o(x$fpl$fpinit)
    __fplib_config_pureend_doubles           0x080153a7   Thumb Code     0  fpinit.o(x$fpl$fpinit)
    __fpl_fretinf                            0x080153a9   Thumb Code    10  fretinf.o(x$fpl$fretinf)
    __fpl_return_NaN                         0x080153b3   Thumb Code   100  retnan.o(x$fpl$retnan)
    __ARM_scalbn                             0x08015417   Thumb Code    92  scalbn.o(x$fpl$scalbn)
    __fpl_cmpreturn                          0x08015473   Thumb Code    48  trapv.o(x$fpl$trapveneer)
    OSUnMapTbl                               0x080154a2   Data         256  os_core.o(.constdata)
    __I$use$fp                               0x080154a2   Number         0  usenofp.o(x$fpl$usenofp)
    memtblsize                               0x080155b8   Data          12  malloc.o(.constdata)
    memblksize                               0x080155c4   Data          12  malloc.o(.constdata)
    memsize                                  0x080155d0   Data          12  malloc.o(.constdata)
    FILE_TYPE_TBL                            0x080402e0   Data         112  exfuns.o(.constdata)
    __mathlib_zero                           0x080403d8   Data           8  qnan.o(.constdata)
    Region$$Table$$Base                      0x08040424   Number         0  anon$$obj.o(Region$$Table)
    Region$$Table$$Limit                     0x08040444   Number         0  anon$$obj.o(Region$$Table)
    mem3base                                 0x10000000   Data          64  malloc.o(.ARM.__AT_0x10000000)
    mem3mapbase                              0x10000040   Data           4  malloc.o(.ARM.__AT_0x10000040)
    ALT_POS_SONAR2                           0x20000000   Data           4  ucos_task.o(.data)
    ALT_VEL_BMP_EKF                          0x20000004   Data           4  ucos_task.o(.data)
    Roll                                     0x20000008   Data           4  ucos_task.o(.data)
    Yaw                                      0x2000000c   Data           4  ucos_task.o(.data)
    Pitch                                    0x20000010   Data           4  ucos_task.o(.data)
    inner_loop_time                          0x20000014   Data           4  ucos_task.o(.data)
    outer_loop_time                          0x20000018   Data           4  ucos_task.o(.data)
    Pitch_R                                  0x2000001c   Data           4  ucos_task.o(.data)
    Roll_R                                   0x20000020   Data           4  ucos_task.o(.data)
    Yaw_R                                    0x20000024   Data           4  ucos_task.o(.data)
    en_shoot                                 0x20000028   Data           1  ucos_task.o(.data)
    ACC_SPEED_NUM_USE                        0x20000029   Data           1  ucos_task.o(.data)
    acc_cnt                                  0x2000002a   Data           4  ucos_task.o(.data)
    wz_speed_flow                            0x20000030   Data           8  ucos_task.o(.data)
    w_acc_spd                                0x20000038   Data           4  ucos_task.o(.data)
    w_acc_fix                                0x2000003c   Data           4  ucos_task.o(.data)
    sd_time                                  0x20000040   Data           4  ucos_task.o(.data)
    sd_dt                                    0x20000044   Data           2  ucos_task.o(.data)
    en_vrc                                   0x20000046   Data           1  ucos_task.o(.data)
    m100_control_mode                        0x20000047   Data           1  ucos_task.o(.data)
    k_m100                                   0x20000048   Data          20  ucos_task.o(.data)
    UART_UP_LOAD_SEL                         0x2000005c   Data           1  ucos_task.o(.data)
    state_v_test                             0x2000005d   Data           1  ucos_task.o(.data)
    num_need_to_check                        0x2000005e   Data           1  ucos_task.o(.data)
    save_rc                                  0x2000005f   Data           1  ucos_task.o(.data)
    tmr1                                     0x20000060   Data           4  ucos_task.o(.data)
    tmr2                                     0x20000064   Data           4  ucos_task.o(.data)
    tmr3                                     0x20000068   Data           4  ucos_task.o(.data)
    cpuusage                                 0x2000006c   Data           2  ucos_task.o(.data)
    dji_rst_protect                          0x2000006e   Data           1  ucos_task.o(.data)
    dji_rst                                  0x2000006f   Data           1  ucos_task.o(.data)
    DJI_CONNECT                              0x20000070   Data           1  ucos_task.o(.data)
    dji_miss_cnt                             0x20000072   Data           2  ucos_task.o(.data)
    dji_rc_miss                              0x20000074   Data           1  ucos_task.o(.data)
    dji_rc_miss_cnt                          0x20000076   Data           2  ucos_task.o(.data)
    time_led                                 0x20000078   Data           4  ucos_task.o(.data)
    msg_key                                  0x200000c8   Data           4  main.o(.data)
    q_msg                                    0x200000cc   Data           4  main.o(.data)
    flags_key                                0x200000d0   Data           4  main.o(.data)
    en_read                                  0x200000d4   Data           1  main.o(.data)
    SystemCoreClock                          0x200000d8   Data           4  system_stm32f4xx.o(.data)
    AHBPrescTable                            0x200000dc   Data          16  system_stm32f4xx.o(.data)
    OSCtxSwCtr                               0x20000100   Data           4  os_core.o(.data)
    OSEventFreeList                          0x20000104   Data           4  os_core.o(.data)
    OSFlagFreeList                           0x20000108   Data           4  os_core.o(.data)
    OSCPUUsage                               0x2000010c   Data           1  os_core.o(.data)
    OSIdleCtrMax                             0x20000110   Data           4  os_core.o(.data)
    OSIdleCtrRun                             0x20000114   Data           4  os_core.o(.data)
    OSStatRdy                                0x20000118   Data           1  os_core.o(.data)
    OSIntNesting                             0x20000119   Data           1  os_core.o(.data)
    OSLockNesting                            0x2000011a   Data           1  os_core.o(.data)
    OSPrioCur                                0x2000011b   Data           1  os_core.o(.data)
    OSPrioHighRdy                            0x2000011c   Data           1  os_core.o(.data)
    OSRdyGrp                                 0x2000011d   Data           1  os_core.o(.data)
    OSRdyTbl                                 0x2000011e   Data           8  os_core.o(.data)
    OSRunning                                0x20000126   Data           1  os_core.o(.data)
    OSTaskCtr                                0x20000127   Data           1  os_core.o(.data)
    OSIdleCtr                                0x20000128   Data           4  os_core.o(.data)
    OSTCBCur                                 0x2000012c   Data           4  os_core.o(.data)
    OSTCBFreeList                            0x20000130   Data           4  os_core.o(.data)
    OSTCBHighRdy                             0x20000134   Data           4  os_core.o(.data)
    OSTCBList                                0x20000138   Data           4  os_core.o(.data)
    OSTickStepState                          0x2000013c   Data           1  os_core.o(.data)
    OSQFreeList                              0x20000140   Data           4  os_core.o(.data)
    OSTime                                   0x20000144   Data           4  os_core.o(.data)
    OSTmrFree                                0x20000148   Data           2  os_core.o(.data)
    OSTmrUsed                                0x2000014a   Data           2  os_core.o(.data)
    OSTmrTime                                0x2000014c   Data           4  os_core.o(.data)
    OSTmrSem                                 0x20000150   Data           4  os_core.o(.data)
    OSTmrSemSignal                           0x20000154   Data           4  os_core.o(.data)
    OSTmrFreeList                            0x20000158   Data           4  os_core.o(.data)
    OSInterrputSum                           0x2000015c   Data           4  os_cpu_c.o(.data)
    PWM_PPM_MIN                              0x20000162   Data           2  flash.o(.data)
    PWM_PPM_MAX                              0x20000164   Data           2  flash.o(.data)
    PWM_PPM_MID                              0x20000166   Data           2  flash.o(.data)
    SBUS_MIN                                 0x20000168   Data           2  flash.o(.data)
    SBUS_MAX                                 0x2000016a   Data           2  flash.o(.data)
    SBUS_MID                                 0x2000016c   Data           2  flash.o(.data)
    SBUS_MIN_A                               0x2000016e   Data           2  flash.o(.data)
    SBUS_MAX_A                               0x20000170   Data           2  flash.o(.data)
    SBUS_MID_A                               0x20000172   Data           2  flash.o(.data)
    sd_insert                                0x20000174   Data           1  led_fc.o(.data)
    sysTickUptime                            0x20000180   Data           4  time.o(.data)
    time_1h                                  0x20000184   Data           4  time.o(.data)
    time_1m                                  0x20000188   Data           4  time.o(.data)
    time_1s                                  0x2000018c   Data           4  time.o(.data)
    time_1ms                                 0x20000190   Data           4  time.o(.data)
    temp                                     0x20000194   Data           4  time.o(.data)
    TIM5CH1_CAPTURE_STA                      0x20000198   Data           1  time.o(.data)
    ppm_rx_sta                               0x20000199   Data           1  time.o(.data)
    ppm_rx_num                               0x2000019a   Data           1  time.o(.data)
    TIM5CH1_CAPTURE_VAL                      0x2000019c   Data           2  time.o(.data)
    time5                                    0x200001a0   Data           4  time.o(.data)
    TX_ADDRESS                               0x200001b3   Data           5  nrf.o(.data)
    RX_ADDRESS                               0x200001b8   Data           5  nrf.o(.data)
    QH                                       0x200001c0   Data           2  rc_mine.o(.data)
    ZY                                       0x200001c2   Data           2  rc_mine.o(.data)
    XZ                                       0x200001c4   Data           2  rc_mine.o(.data)
    is_lock                                  0x200001c6   Data           1  rc_mine.o(.data)
    EN_FIX_GPSF                              0x200001c7   Data           1  rc_mine.o(.data)
    EN_FIX_LOCKWF                            0x200001c8   Data           1  rc_mine.o(.data)
    EN_CONTROL_IMUF                          0x200001c9   Data           1  rc_mine.o(.data)
    EN_FIX_INSF                              0x200001ca   Data           1  rc_mine.o(.data)
    EN_FIX_HIGHF                             0x200001cb   Data           1  rc_mine.o(.data)
    tx_lock                                  0x200001cc   Data           1  rc_mine.o(.data)
    EN_FIX_GPS                               0x200001cd   Data           1  rc_mine.o(.data)
    EN_FIX_LOCKW                             0x200001ce   Data           1  rc_mine.o(.data)
    EN_CONTROL_IMU                           0x200001cf   Data           1  rc_mine.o(.data)
    EN_FIX_INS                               0x200001d0   Data           1  rc_mine.o(.data)
    EN_FIX_HIGH                              0x200001d1   Data           1  rc_mine.o(.data)
    EN_TX_GX                                 0x200001d2   Data           1  rc_mine.o(.data)
    EN_TX_AX                                 0x200001d3   Data           1  rc_mine.o(.data)
    EN_TX_HM                                 0x200001d4   Data           1  rc_mine.o(.data)
    EN_TX_YRP                                0x200001d5   Data           1  rc_mine.o(.data)
    EN_TX_GPS                                0x200001d6   Data           1  rc_mine.o(.data)
    EN_TX_HIGH                               0x200001d7   Data           1  rc_mine.o(.data)
    up_load_set                              0x200001d8   Data           1  rc_mine.o(.data)
    up_load_pid                              0x200001d9   Data           1  rc_mine.o(.data)
    key_rc                                   0x200001da   Data           6  rc_mine.o(.data)
    Yaw_sb_rc                                0x200001e0   Data           2  rc_mine.o(.data)
    cnt_rst                                  0x200001e2   Data           1  rc_mine.o(.data)
    delta_pitch                              0x200001e3   Data           1  rc_mine.o(.data)
    delta_roll                               0x200001e4   Data           1  rc_mine.o(.data)
    delta_yew                                0x200001e5   Data           1  rc_mine.o(.data)
    data_rate                                0x200001e6   Data           2  rc_mine.o(.data)
    control_scale                            0x200001e8   Data           4  rc_mine.o(.data)
    Not_sent                                 0x200001ec   Data           1  rc_mine.o(.data)
    RC_CONNECT                               0x200001ed   Data           1  rc_mine.o(.data)
    cnt_timer2_r                             0x200001f0   Data           4  rc_mine.o(.data)
    cnt_led_rx                               0x200001f4   Data           1  rc_mine.o(.data)
    ultra_ok                                 0x20000204   Data           1  rc.o(.data)
    CH_in_Mapping                            0x20000205   Data           8  rc.o(.data)
    NS                                       0x2000020d   Data           1  rc.o(.data)
    CH_Error                                 0x2000020e   Data           8  rc.o(.data)
    NS_cnt                                   0x20000216   Data           2  rc.o(.data)
    MAX_CH                                   0x20000218   Data          16  rc.o(.data)
    MIN_CH                                   0x20000228   Data          16  rc.o(.data)
    CH_DIR                                   0x20000238   Data           8  rc.o(.data)
    filter_A                                 0x20000240   Data           4  rc.o(.data)
    fly_ready                                0x20000244   Data           1  rc.o(.data)
    ready_cnt                                0x20000246   Data           2  rc.o(.data)
    height_ctrl_mode                         0x20000248   Data           1  rc.o(.data)
    height_ctrl_mode_use                     0x20000249   Data           1  rc.o(.data)
    dt_flow_rx                               0x2000024c   Data           4  usart_fc.o(.data)
    data_rate_gol_link                       0x20000250   Data           2  usart_fc.o(.data)
    LOCK                                     0x20000252   Data           1  usart_fc.o(.data)
    KEY                                      0x20000253   Data           8  usart_fc.o(.data)
    KEY_SEL                                  0x2000025b   Data           4  usart_fc.o(.data)
    NAV_BOARD_CONNECT                        0x2000025f   Data           1  usart_fc.o(.data)
    SONAR_HEAD_CHECK                         0x20000260   Data           2  usart_fc.o(.data)
    imu_loss_cnt                             0x20000264   Data           4  usart_fc.o(.data)
    S_head                                   0x20000268   Data           2  usart_fc.o(.data)
    Pitch_DJ                                 0x2000026c   Data           4  usart_fc.o(.data)
    Roll_DJ                                  0x20000270   Data           4  usart_fc.o(.data)
    ALT_POS_SONAR_HEAD                       0x20000274   Data           4  usart_fc.o(.data)
    ALT_POS_SONAR_HEAD_LASER_SCANER          0x20000278   Data           4  usart_fc.o(.data)
    laser_sel                                0x2000027c   Data           1  usart_fc.o(.data)
    TxCounter                                0x2000027d   Data           1  usart_fc.o(.data)
    count                                    0x2000027e   Data           1  usart_fc.o(.data)
    RxState                                  0x2000027f   Data           1  usart_fc.o(.data)
    RxBufferNum                              0x20000280   Data           1  usart_fc.o(.data)
    RxBufferCnt                              0x20000281   Data           1  usart_fc.o(.data)
    RxLen                                    0x20000282   Data           1  usart_fc.o(.data)
    com_data                                 0x20000283   Data           1  usart_fc.o(.data)
    buf_GPRMC                                0x20000286   Data         100  usart_fc.o(.data)
    buf_GPRMCt                               0x200002ea   Data         100  usart_fc.o(.data)
    buf_GPGGA                                0x2000034e   Data         100  usart_fc.o(.data)
    buf_GPGGAt                               0x200003b2   Data         100  usart_fc.o(.data)
    cnt_m100_data_refresh                    0x20000416   Data           2  usart_fc.o(.data)
    m100_data_refresh                        0x20000418   Data           1  usart_fc.o(.data)
    m100_update_time                         0x2000041c   Data           4  usart_fc.o(.data)
    k_scale_pix                              0x20000420   Data           4  usart_fc.o(.data)
    en_save                                  0x20000424   Data           1  usart_fc.o(.data)
    TxCounter4                               0x20000425   Data           1  usart_fc.o(.data)
    count4                                   0x20000426   Data           1  usart_fc.o(.data)
    RxState4                                 0x20000427   Data           1  usart_fc.o(.data)
    RxBufferNum4                             0x20000428   Data           1  usart_fc.o(.data)
    RxBufferCnt4                             0x20000429   Data           1  usart_fc.o(.data)
    RxLen4                                   0x2000042a   Data           1  usart_fc.o(.data)
    nrf_uart_cnt                             0x2000042e   Data           2  usart_fc.o(.data)
    m100_x_g                                 0x2000043c   Data           4  m100.o(.data)
    m100_y_g                                 0x20000440   Data           4  m100.o(.data)
    m100_z_g                                 0x20000444   Data           4  m100.o(.data)
    m100_yaw_g                               0x20000448   Data           4  m100.o(.data)
    state_v                                  0x2000044c   Data           1  att_control.o(.data)
    Yaw_set_dji                              0x20000450   Data           4  circle.o(.data)
    nav_circle                               0x20000454   Data           8  circle.o(.data)
    nav_circle_last                          0x2000045c   Data           8  circle.o(.data)
    circle_check                             0x20000464   Data           4  circle.o(.data)
    circle_lfp                               0x20000468   Data           4  circle.o(.data)
    circle_use                               0x2000046c   Data           8  circle.o(.data)
    nav_gps                                  0x20000474   Data           8  circle.o(.data)
    lon                                      0x20000480   Data           8  circle.o(.data)
    lat                                      0x20000488   Data           8  circle.o(.data)
    flt_gps                                  0x20000490   Data           4  circle.o(.data)
    MAX_GPS                                  0x20000494   Data           2  circle.o(.data)
    gps_target_change                        0x20000496   Data           1  circle.o(.data)
    home_point                               0x20000498   Data          16  circle.o(.data)
    check_way_point                          0x200004a8   Data          16  circle.o(.data)
    way_point                                0x200004b8   Data          32  circle.o(.data)
    tar_point_globle                         0x200004d8   Data          16  circle.o(.data)
    tar_point_globler                        0x200004e8   Data          16  circle.o(.data)
    state_set_point                          0x200004f8   Data           1  circle.o(.data)
    set_point1                               0x200004f9   Data           1  circle.o(.data)
    fast_atan_table                          0x20000534   Data        1028  my_math.o(.data)
    res                                      0x20000938   Data           1  sd.o(.data)
    path0                                    0x20000939   Data         512  sd.o(.data)
    textFileBuffer                           0x20000b39   Data           7  sd.o(.data)
    textFileBuffer2                          0x20000b40   Data           7  sd.o(.data)
    lastUpdater                              0x20000b48   Data           4  sd.o(.data)
    nowr                                     0x20000b4c   Data           4  sd.o(.data)
    nrf_right                                0x20000b50   Data           1  sd.o(.data)
    init_sd_write                            0x20000b51   Data           1  sd.o(.data)
    sdcard_force_out                         0x20000b52   Data           1  sd.o(.data)
    sd_had_init                              0x20000b53   Data           1  sd.o(.data)
    t_sd_save                                0x20000b54   Data           4  sd.o(.data)
    mallco_dev                               0x20000b68   Data          36  malloc.o(.data)
    TransferError                            0x20000b9a   Data           1  sdio.o(.data)
    TransferEnd                              0x20000b9b   Data           1  sdio.o(.data)
    tempbuff                                 0x20000b9c   Data           4  sdio.o(.data)
    file                                     0x20000ba0   Data           4  exfuns.o(.data)
    ftemp                                    0x20000ba4   Data           4  exfuns.o(.data)
    br                                       0x20000ba8   Data           4  exfuns.o(.data)
    bw                                       0x20000bac   Data           4  exfuns.o(.data)
    fatbuf                                   0x20000bb0   Data           4  exfuns.o(.data)
    sbus_data_i                              0x20000bb4   Data          26  sbus.o(.data)
    sbus_data                                0x20000bce   Data          26  sbus.o(.data)
    channels                                 0x20000be8   Data          36  sbus.o(.data)
    failsafe_status                          0x20000c0c   Data           1  sbus.o(.data)
    sbus_passthrough                         0x20000c0d   Data           1  sbus.o(.data)
    q_nav                                    0x20000c10   Data          16  ucos_task.o(.bss)
    Rc_Pwm_Inr_mine                          0x20000c20   Data          32  ucos_task.o(.bss)
    Rc_Pwm_In_mine                           0x20000c40   Data          32  ucos_task.o(.bss)
    Rc_Pwm_Out_mine                          0x20000c60   Data          32  ucos_task.o(.bss)
    MEMS_TASK_STK                            0x20000c80   Data         512  ucos_task.o(.bss)
    INNER_TASK_STK                           0x20000e80   Data         768  ucos_task.o(.bss)
    Rc_Pwm_In                                0x20001180   Data          16  ucos_task.o(.bss)
    OUTER_TASK_STK                           0x20001190   Data         768  ucos_task.o(.bss)
    NRF_TASK_STK                             0x20001490   Data         768  ucos_task.o(.bss)
    BARO_TASK_STK                            0x20001790   Data         768  ucos_task.o(.bss)
    SONAR_TASK_STK                           0x20001a90   Data        2560  ucos_task.o(.bss)
    FLOW_TASK_STK                            0x20002490   Data         768  ucos_task.o(.bss)
    acc_v                                    0x20002790   Data          12  ucos_task.o(.bss)
    acc_speed_arr                            0x2000279c   Data         104  ucos_task.o(.bss)
    M100_TASK_STK                            0x20002804   Data         768  ucos_task.o(.bss)
    UART_TASK_STK                            0x20002b04   Data         768  ucos_task.o(.bss)
    START_TASK_STK                           0x20002e04   Data         256  main.o(.bss)
    MsgGrp                                   0x20002f04   Data        1024  main.o(.bss)
    OSEventTbl                               0x20003304   Data         200  os_core.o(.bss)
    OSFlagTbl                                0x200033cc   Data          80  os_core.o(.bss)
    OSTaskStatStk                            0x2000341c   Data         512  os_core.o(.bss)
    OSTaskIdleStk                            0x2000361c   Data         512  os_core.o(.bss)
    OSTCBPrioTbl                             0x2000381c   Data         256  os_core.o(.bss)
    OSTCBTbl                                 0x2000391c   Data        1848  os_core.o(.bss)
    OSQTbl                                   0x20004054   Data         120  os_core.o(.bss)
    OSTmrTbl                                 0x200040cc   Data         640  os_core.o(.bss)
    OSTmrTaskStk                             0x2000434c   Data         512  os_core.o(.bss)
    OSTmrWheelTbl                            0x2000454c   Data          64  os_core.o(.bss)
    FLASH_Buffer                             0x2000458c   Data         240  flash.o(.bss)
    FLASH_READ_BUF                           0x2000467c   Data         120  flash.o(.bss)
    Cycle_T                                  0x200046f4   Data         240  time.o(.bss)
    TIM3_ICInitStructure                     0x200047e4   Data          10  time.o(.bss)
    ppm_rx                                   0x200047ee   Data          20  time.o(.bss)
    NRF24L01_RXDATA                          0x20004802   Data          32  nrf.o(.bss)
    NRF24L01_TXDATA                          0x20004822   Data          32  nrf.o(.bss)
    NRF24L01_RXDATA_REG                      0x20004844   Data          32  rc_mine.o(.bss)
    key_rc_reg                               0x20004864   Data         105  rc_mine.o(.bss)
    RC_GET                                   0x200048d0   Data          64  rc_mine.o(.bss)
    ypr_sb                                   0x20004910   Data          12  rc_mine.o(.bss)
    RX_CH                                    0x2000491c   Data          16  rc.o(.bss)
    RX_CH_FIX                                0x2000492c   Data          16  rc.o(.bss)
    CH                                       0x2000493c   Data          16  rc.o(.bss)
    CH_Old                                   0x2000494c   Data          32  rc.o(.bss)
    CH_filter                                0x2000496c   Data          32  rc.o(.bss)
    CH_filter_Old                            0x2000498c   Data          32  rc.o(.bss)
    CH_filter_D                              0x200049ac   Data          32  rc.o(.bss)
    CLR_CH_Error                             0x200049cc   Data          16  rc.o(.bss)
    SendBuff1                                0x200049ec   Data         128  usart_fc.o(.bss)
    SendBuff4                                0x20004a6c   Data          64  usart_fc.o(.bss)
    color                                    0x20004aac   Data          20  usart_fc.o(.bss)
    HPID                                     0x20004ac0   Data          18  usart_fc.o(.bss)
    SPID                                     0x20004ad2   Data          18  usart_fc.o(.bss)
    FIX_PID                                  0x20004ae4   Data          18  usart_fc.o(.bss)
    NAV_PID                                  0x20004af6   Data          18  usart_fc.o(.bss)
    pid                                      0x20004b08   Data         224  usart_fc.o(.bss)
    Rc_Get                                   0x20004be8   Data          26  usart_fc.o(.bss)
    Rc_Get_PPM                               0x20004c02   Data          26  usart_fc.o(.bss)
    Rc_Get_SBUS                              0x20004c1c   Data          26  usart_fc.o(.bss)
    plane                                    0x20004c38   Data         116  usart_fc.o(.bss)
    slam                                     0x20004cac   Data          20  usart_fc.o(.bss)
    imu_nav                                  0x20004cc0   Data         124  usart_fc.o(.bss)
    mode                                     0x20004d3c   Data          74  usart_fc.o(.bss)
    TxBuffer                                 0x20004d86   Data         256  usart_fc.o(.bss)
    Rx_Buf                                   0x20004e86   Data         256  usart_fc.o(.bss)
    RxBuffer                                 0x20004f86   Data          50  usart_fc.o(.bss)
    gpsx                                     0x20004fb8   Data         126  usart_fc.o(.bss)
    gps_data                                 0x20005036   Data         126  usart_fc.o(.bss)
    buf_imu_dj                               0x200050b4   Data          20  usart_fc.o(.bss)
    angle_imu_dj                             0x200050c8   Data          12  usart_fc.o(.bss)
    mark                                     0x200050d4   Data         160  usart_fc.o(.bss)
    sd_save                                  0x20005174   Data         400  usart_fc.o(.bss)
    flow_matlab_data                         0x20005304   Data          16  usart_fc.o(.bss)
    baro_matlab_data                         0x20005314   Data          16  usart_fc.o(.bss)
    qr_matlab_data                           0x20005324   Data          16  usart_fc.o(.bss)
    qr_matlab_data_att                       0x20005334   Data          12  usart_fc.o(.bss)
    fly_controller                           0x20005340   Data         584  usart_fc.o(.bss)
    fly_controller_r                         0x20005588   Data         584  usart_fc.o(.bss)
    BLE_DEBUG                                0x200057d0   Data          32  usart_fc.o(.bss)
    TxBuffer4                                0x200057f0   Data         256  usart_fc.o(.bss)
    Rx_Buf4                                  0x200058f0   Data         256  usart_fc.o(.bss)
    RxBuffer4                                0x200059f0   Data          50  usart_fc.o(.bss)
    sbus_data_i_check                        0x20005a22   Data          50  usart_fc.o(.bss)
    m100                                     0x20005a60   Data          60  m100.o(.bss)
    circle                                   0x20005aa0   Data          56  circle.o(.bss)
    track                                    0x20005ad8   Data          56  circle.o(.bss)
    mouse                                    0x20005b10   Data          56  circle.o(.bss)
    navUkfData                               0x20005b48   Data        1112  circle.o(.bss)
    nav_Data                                 0x20005fa0   Data          24  circle.o(.bss)
    gps_ctrl                                 0x20005fb8   Data          48  circle.o(.bss)
    gps_pid                                  0x20005fe8   Data          12  circle.o(.bss)
    tar_pos_gps                              0x20005ff8   Data          16  circle.o(.bss)
    tar_now_gps                              0x20006008   Data          16  circle.o(.bss)
    med_filter_tmp                           0x20006018   Data        2400  fliter.o(.bss)
    med_filter_out                           0x20006978   Data         120  fliter.o(.bss)
    med_fil_cnt                              0x200069f0   Data          30  fliter.o(.bss)
    sd                                       0x20006a10   Data          12  sd.o(.bss)
    fsrc                                     0x20006a1c   Data         552  sd.o(.bss)
    fdst                                     0x20006c44   Data         552  sd.o(.bss)
    buffer                                   0x20006e6c   Data        1000  sd.o(.bss)
    data_conv_test                           0x20007254   Data          20  sd.o(.bss)
    BUF_TIME                                 0x20007268   Data          14  sd.o(.bss)
    mem1base                                 0x200072a0   Data       51200  malloc.o(.bss)
    mem1mapbase                              0x20013aa0   Data        3200  malloc.o(.bss)
    SDIO_InitStructure                       0x20014730   Data          24  sdio.o(.bss)
    SDIO_CmdInitStructure                    0x20014748   Data          20  sdio.o(.bss)
    SDIO_DataInitStructure                   0x2001475c   Data          24  sdio.o(.bss)
    SDCardInfo                               0x20014798   Data          88  sdio.o(.bss)
    SDIO_DATA_BUFFER                         0x200147f0   Data         512  sdio.o(.bss)
    fs                                       0x200149f0   Data          12  exfuns.o(.bss)
    fileinfo                                 0x200149fc   Data          32  exfuns.o(.bss)
    dir                                      0x20014a1c   Data          36  exfuns.o(.bss)
    __libspace_start                         0x20014a40   Data          96  libspace.o(.bss)
    __temporary_stack_top$libspace           0x20014aa0   Data           0  libspace.o(.bss)
    mem2base                                 0x68000000   Data          64  malloc.o(.ARM.__AT_0x68000000)
    mem2mapbase                              0x68000040   Data           4  malloc.o(.ARM.__AT_0x68000040)



==============================================================================

Memory Map of the image

  Image Entry point : 0x08000189

  Load Region LR_IROM1 (Base: 0x08000000, Size: 0x00041054, Max: 0x00100000, ABSOLUTE, COMPRESSED[0x000409fc])

    Execution Region ER_IROM1 (Base: 0x08000000, Size: 0x00040444, Max: 0x00100000, ABSOLUTE)

    Base Addr    Size         Type   Attr      Idx    E Section Name        Object

    0x08000000   0x00000188   Data   RO          381    RESET               startup_stm32f40_41xxx.o
    0x08000188   0x00000008   Code   RO         1688  * !!!main             c_w.l(__main.o)
    0x08000190   0x00000034   Code   RO         2019    !!!scatter          c_w.l(__scatter.o)
    0x080001c4   0x0000005a   Code   RO         2017    !!dczerorl2         c_w.l(__dczerorl2.o)
    0x0800021e   0x00000002   PAD
    0x08000220   0x0000001c   Code   RO         2021    !!handler_zi        c_w.l(__scatter_zi.o)
    0x0800023c   0x00000000   Code   RO         1671    .ARM.Collect$$_printf_percent$$00000000  c_w.l(_printf_percent.o)
    0x0800023c   0x00000006   Code   RO         1670    .ARM.Collect$$_printf_percent$$00000009  c_w.l(_printf_d.o)
    0x08000242   0x00000004   Code   RO         1789    .ARM.Collect$$_printf_percent$$00000017  c_w.l(_printf_percent_end.o)
    0x08000246   0x00000002   Code   RO         1882    .ARM.Collect$$libinit$$00000000  c_w.l(libinit.o)
    0x08000248   0x00000004   Code   RO         1891    .ARM.Collect$$libinit$$00000001  c_w.l(libinit2.o)
    0x0800024c   0x00000000   Code   RO         1894    .ARM.Collect$$libinit$$00000004  c_w.l(libinit2.o)
    0x0800024c   0x00000000   Code   RO         1897    .ARM.Collect$$libinit$$0000000A  c_w.l(libinit2.o)
    0x0800024c   0x00000000   Code   RO         1899    .ARM.Collect$$libinit$$0000000C  c_w.l(libinit2.o)
    0x0800024c   0x00000000   Code   RO         1901    .ARM.Collect$$libinit$$0000000E  c_w.l(libinit2.o)
    0x0800024c   0x00000000   Code   RO         1904    .ARM.Collect$$libinit$$00000011  c_w.l(libinit2.o)
    0x0800024c   0x00000000   Code   RO         1906    .ARM.Collect$$libinit$$00000013  c_w.l(libinit2.o)
    0x0800024c   0x00000000   Code   RO         1908    .ARM.Collect$$libinit$$00000015  c_w.l(libinit2.o)
    0x0800024c   0x00000000   Code   RO         1910    .ARM.Collect$$libinit$$00000017  c_w.l(libinit2.o)
    0x0800024c   0x00000000   Code   RO         1912    .ARM.Collect$$libinit$$00000019  c_w.l(libinit2.o)
    0x0800024c   0x00000000   Code   RO         1914    .ARM.Collect$$libinit$$0000001B  c_w.l(libinit2.o)
    0x0800024c   0x00000000   Code   RO         1916    .ARM.Collect$$libinit$$0000001D  c_w.l(libinit2.o)
    0x0800024c   0x00000000   Code   RO         1918    .ARM.Collect$$libinit$$0000001F  c_w.l(libinit2.o)
    0x0800024c   0x00000000   Code   RO         1920    .ARM.Collect$$libinit$$00000021  c_w.l(libinit2.o)
    0x0800024c   0x00000000   Code   RO         1922    .ARM.Collect$$libinit$$00000023  c_w.l(libinit2.o)
    0x0800024c   0x00000000   Code   RO         1924    .ARM.Collect$$libinit$$00000025  c_w.l(libinit2.o)
    0x0800024c   0x00000000   Code   RO         1928    .ARM.Collect$$libinit$$0000002C  c_w.l(libinit2.o)
    0x0800024c   0x00000000   Code   RO         1930    .ARM.Collect$$libinit$$0000002E  c_w.l(libinit2.o)
    0x0800024c   0x00000000   Code   RO         1932    .ARM.Collect$$libinit$$00000030  c_w.l(libinit2.o)
    0x0800024c   0x00000000   Code   RO         1934    .ARM.Collect$$libinit$$00000032  c_w.l(libinit2.o)
    0x0800024c   0x00000002   Code   RO         1935    .ARM.Collect$$libinit$$00000033  c_w.l(libinit2.o)
    0x0800024e   0x00000002   Code   RO         1967    .ARM.Collect$$libshutdown$$00000000  c_w.l(libshutdown.o)
    0x08000250   0x00000000   Code   RO         1984    .ARM.Collect$$libshutdown$$00000002  c_w.l(libshutdown2.o)
    0x08000250   0x00000000   Code   RO         1986    .ARM.Collect$$libshutdown$$00000004  c_w.l(libshutdown2.o)
    0x08000250   0x00000000   Code   RO         1989    .ARM.Collect$$libshutdown$$00000007  c_w.l(libshutdown2.o)
    0x08000250   0x00000000   Code   RO         1992    .ARM.Collect$$libshutdown$$0000000A  c_w.l(libshutdown2.o)
    0x08000250   0x00000000   Code   RO         1994    .ARM.Collect$$libshutdown$$0000000C  c_w.l(libshutdown2.o)
    0x08000250   0x00000000   Code   RO         1997    .ARM.Collect$$libshutdown$$0000000F  c_w.l(libshutdown2.o)
    0x08000250   0x00000002   Code   RO         1998    .ARM.Collect$$libshutdown$$00000010  c_w.l(libshutdown2.o)
    0x08000252   0x00000000   Code   RO         1778    .ARM.Collect$$rtentry$$00000000  c_w.l(__rtentry.o)
    0x08000252   0x00000000   Code   RO         1841    .ARM.Collect$$rtentry$$00000002  c_w.l(__rtentry2.o)
    0x08000252   0x00000006   Code   RO         1853    .ARM.Collect$$rtentry$$00000004  c_w.l(__rtentry4.o)
    0x08000258   0x00000000   Code   RO         1843    .ARM.Collect$$rtentry$$00000009  c_w.l(__rtentry2.o)
    0x08000258   0x00000004   Code   RO         1844    .ARM.Collect$$rtentry$$0000000A  c_w.l(__rtentry2.o)
    0x0800025c   0x00000000   Code   RO         1846    .ARM.Collect$$rtentry$$0000000C  c_w.l(__rtentry2.o)
    0x0800025c   0x00000008   Code   RO         1847    .ARM.Collect$$rtentry$$0000000D  c_w.l(__rtentry2.o)
    0x08000264   0x00000002   Code   RO         1885    .ARM.Collect$$rtexit$$00000000  c_w.l(rtexit.o)
    0x08000266   0x00000000   Code   RO         1939    .ARM.Collect$$rtexit$$00000002  c_w.l(rtexit2.o)
    0x08000266   0x00000004   Code   RO         1940    .ARM.Collect$$rtexit$$00000003  c_w.l(rtexit2.o)
    0x0800026a   0x00000006   Code   RO         1941    .ARM.Collect$$rtexit$$00000004  c_w.l(rtexit2.o)
    0x08000270   0x00000010   Code   RO          410    .emb_text           sys.o
    0x08000280   0x00000d5a   Code   RO            3    .text               ucos_task.o
    0x08000fda   0x00000002   PAD
    0x08000fdc   0x00000368   Code   RO          274    .text               main.o
    0x08001344   0x00000016   Code   RO          306    .text               stm32f4xx_it.o
    0x0800135a   0x00000002   PAD
    0x0800135c   0x00000210   Code   RO          355    .text               system_stm32f4xx.o
    0x0800156c   0x00000040   Code   RO          382    .text               startup_stm32f40_41xxx.o
    0x080015ac   0x00000108   Code   RO          388    .text               delay.o
    0x080016b4   0x000000e0   Code   RO          428    .text               misc.o
    0x08001794   0x00000294   Code   RO          448    .text               stm32f4xx_gpio.o
    0x08001a28   0x0000065c   Code   RO          491    .text               stm32f4xx_rcc.o
    0x08002084   0x00000454   Code   RO          533    .text               stm32f4xx_usart.o
    0x080024d8   0x00000ca2   Code   RO          553    .text               stm32f4xx_tim.o
    0x0800317a   0x00000002   PAD
    0x0800317c   0x00000694   Code   RO          573    .text               stm32f4xx_flash.o
    0x08003810   0x00000480   Code   RO          613    .text               stm32f4xx_spi.o
    0x08003c90   0x000003a8   Code   RO          633    .text               stm32f4xx_dma.o
    0x08004038   0x000001dc   Code   RO          653    .text               stm32f4xx_sdio.o
    0x08004214   0x00000894   Code   RO          673    .text               os_core.o
    0x08004aa8   0x0000080c   Code   RO          701    .text               os_flag.o
    0x080052b4   0x000003cc   Code   RO          721    .text               os_mbox.o
    0x08005680   0x000005e8   Code   RO          775    .text               os_q.o
    0x08005c68   0x0000038c   Code   RO          795    .text               os_sem.o
    0x08005ff4   0x000007c4   Code   RO          815    .text               os_task.o
    0x080067b8   0x000001b0   Code   RO          835    .text               os_time.o
    0x08006968   0x00000634   Code   RO          855    .text               os_tmr.o
    0x08006f9c   0x000000c8   Code   RO          873    .text               os_cpu_a.o
    0x08007064   0x000001e8   Code   RO          878    .text               os_cpu_c.o
    0x0800724c   0x00000364   Code   RO          908    .text               flash.o
    0x080075b0   0x000004d0   Code   RO          935    .text               led_fc.o
    0x08007a80   0x00000004   Code   RO          962    .text               parameter.o
    0x08007a84   0x00000164   Code   RO          982    .text               spi_nrf.o
    0x08007be8   0x0000049c   Code   RO         1002    .text               time.o
    0x08008084   0x000000e8   Code   RO         1033    .text               dma.o
    0x0800816c   0x0000029c   Code   RO         1053    .text               nrf.o
    0x08008408   0x00001258   Code   RO         1080    .text               rc_mine.o
    0x08009660   0x00000610   Code   RO         1119    .text               rc.o
    0x08009c70   0x00002628   Code   RO         1146    .text               usart_fc.o
    0x0800c298   0x000005e8   Code   RO         1186    .text               m100.o
    0x0800c880   0x000004ca   Code   RO         1293    .text               fliter.o
    0x0800cd4a   0x00000002   PAD
    0x0800cd4c   0x000005b4   Code   RO         1317    .text               my_math.o
    0x0800d300   0x000006dc   Code   RO         1340    .text               sd.o
    0x0800d9dc   0x0000022c   Code   RO         1373    .text               malloc.o
    0x0800dc08   0x0000329a   Code   RO         1403    .text               ff.o
    0x08010ea2   0x00000002   PAD
    0x08010ea4   0x00000164   Code   RO         1430    .text               diskio.o
    0x08011008   0x000000b4   Code   RO         1451    .text               cc936.o
    0x080110bc   0x00001d6c   Code   RO         1476    .text               sdio.o
    0x08012e28   0x00000198   Code   RO         1514    .text               exfuns.o
    0x08012fc0   0x00000260   Code   RO         1549    .text               sbus_oldx.lib(sbus.o)
    0x08013220   0x00000048   Code   RO         1640    .text               c_w.l(llsdiv.o)
    0x08013268   0x00000028   Code   RO         1644    .text               c_w.l(noretval__2sprintf.o)
    0x08013290   0x00000068   Code   RO         1646    .text               c_w.l(__printf.o)
    0x080132f8   0x00000078   Code   RO         1648    .text               c_w.l(_printf_dec.o)
    0x08013370   0x00000048   Code   RO         1672    .text               c_w.l(strcpy.o)
    0x080133b8   0x0000003e   Code   RO         1674    .text               c_w.l(strlen.o)
    0x080133f6   0x00000018   Code   RO         1676    .text               c_w.l(strcat.o)
    0x0801340e   0x0000008a   Code   RO         1678    .text               c_w.l(rt_memcpy_v6.o)
    0x08013498   0x00000064   Code   RO         1680    .text               c_w.l(rt_memcpy_w.o)
    0x080134fc   0x0000004e   Code   RO         1682    .text               c_w.l(rt_memclr_w.o)
    0x0801354a   0x00000002   PAD
    0x0801354c   0x00000080   Code   RO         1684    .text               c_w.l(strcmpv7m.o)
    0x080135cc   0x00000006   Code   RO         1686    .text               c_w.l(heapauxi.o)
    0x080135d2   0x000000ee   Code   RO         1779    .text               c_w.l(lludivv7m.o)
    0x080136c0   0x00000016   Code   RO         1781    .text               c_w.l(_rserrno.o)
    0x080136d6   0x000000b2   Code   RO         1783    .text               c_w.l(_printf_intcommon.o)
    0x08013788   0x00000030   Code   RO         1785    .text               c_w.l(_printf_char_common.o)
    0x080137b8   0x0000000a   Code   RO         1787    .text               c_w.l(_sputc.o)
    0x080137c2   0x00000002   PAD
    0x080137c4   0x00000008   Code   RO         1862    .text               c_w.l(rt_errno_addr_intlibspace.o)
    0x080137cc   0x00000008   Code   RO         1868    .text               c_w.l(libspace.o)
    0x080137d4   0x0000004a   Code   RO         1871    .text               c_w.l(sys_stackheap_outer.o)
    0x0801381e   0x00000012   Code   RO         1875    .text               c_w.l(exit.o)
    0x08013830   0x0000000c   Code   RO         1955    .text               c_w.l(sys_exit.o)
    0x0801383c   0x00000002   Code   RO         1972    .text               c_w.l(use_no_semi.o)
    0x0801383e   0x00000000   Code   RO         1974    .text               c_w.l(indicate_semi.o)
    0x0801383e   0x00000030   Code   RO         1824    i.__ARM_fpclassify  m_wm.l(fpclassify.o)
    0x0801386e   0x00000014   Code   RO         1734    i.__hardfp_fabs     m_wm.l(fabs.o)
    0x08013882   0x00000006   PAD
    0x08013888   0x00000c50   Code   RO         1740    i.__hardfp_pow      m_wm.l(pow.o)
    0x080144d8   0x000000f8   Code   RO         1826    i.__kernel_poly     m_wm.l(poly.o)
    0x080145d0   0x00000030   Code   RO         1810    i.__mathlib_dbl_divzero  m_wm.l(dunder.o)
    0x08014600   0x00000014   Code   RO         1812    i.__mathlib_dbl_infnan2  m_wm.l(dunder.o)
    0x08014614   0x00000004   PAD
    0x08014618   0x00000020   Code   RO         1813    i.__mathlib_dbl_invalid  m_wm.l(dunder.o)
    0x08014638   0x00000020   Code   RO         1814    i.__mathlib_dbl_overflow  m_wm.l(dunder.o)
    0x08014658   0x00000020   Code   RO         1816    i.__mathlib_dbl_underflow  m_wm.l(dunder.o)
    0x08014678   0x00000018   Code   RO         1736    i.fabs              m_wm.l(fabs.o)
    0x08014690   0x0000006e   Code   RO         1768    i.sqrt              m_wm.l(sqrt.o)
    0x080146fe   0x00000018   Code   RO         1790    x$fpl$basic         fz_wm.l(basic.o)
    0x08014716   0x00000002   PAD
    0x08014718   0x00000062   Code   RO         1690    x$fpl$d2f           fz_wm.l(d2f.o)
    0x0801477a   0x00000002   PAD
    0x0801477c   0x00000150   Code   RO         1692    x$fpl$dadd          fz_wm.l(daddsub_clz.o)
    0x080148cc   0x00000010   Code   RO         1866    x$fpl$dcheck1       fz_wm.l(dcheck1.o)
    0x080148dc   0x00000018   Code   RO         1792    x$fpl$dcmpinf       fz_wm.l(dcmpi.o)
    0x080148f4   0x000002b0   Code   RO         1699    x$fpl$ddiv          fz_wm.l(ddiv.o)
    0x08014ba4   0x0000005e   Code   RO         1704    x$fpl$dfix          fz_wm.l(dfix.o)
    0x08014c02   0x0000002e   Code   RO         1709    x$fpl$dflt          fz_wm.l(dflt_clz.o)
    0x08014c30   0x00000026   Code   RO         1708    x$fpl$dfltu         fz_wm.l(dflt_clz.o)
    0x08014c56   0x00000002   PAD
    0x08014c58   0x00000078   Code   RO         1714    x$fpl$dleqf         fz_wm.l(dleqf.o)
    0x08014cd0   0x00000154   Code   RO         1716    x$fpl$dmul          fz_wm.l(dmul.o)
    0x08014e24   0x0000009c   Code   RO         1794    x$fpl$dnaninf       fz_wm.l(dnaninf.o)
    0x08014ec0   0x0000000c   Code   RO         1796    x$fpl$dretinf       fz_wm.l(dretinf.o)
    0x08014ecc   0x0000006c   Code   RO         1718    x$fpl$drleqf        fz_wm.l(drleqf.o)
    0x08014f38   0x00000016   Code   RO         1693    x$fpl$drsb          fz_wm.l(daddsub_clz.o)
    0x08014f4e   0x00000002   PAD
    0x08014f50   0x00000198   Code   RO         1798    x$fpl$dsqrt         fz_wm.l(dsqrt_umaal.o)
    0x080150e8   0x000001d4   Code   RO         1694    x$fpl$dsub          fz_wm.l(daddsub_clz.o)
    0x080152bc   0x00000056   Code   RO         1720    x$fpl$f2d           fz_wm.l(f2d.o)
    0x08015312   0x0000008c   Code   RO         1800    x$fpl$fnaninf       fz_wm.l(fnaninf.o)
    0x0801539e   0x0000000a   Code   RO         1953    x$fpl$fpinit        fz_wm.l(fpinit.o)
    0x080153a8   0x0000000a   Code   RO         1802    x$fpl$fretinf       fz_wm.l(fretinf.o)
    0x080153b2   0x00000064   Code   RO         1883    x$fpl$retnan        fz_wm.l(retnan.o)
    0x08015416   0x0000005c   Code   RO         1804    x$fpl$scalbn        fz_wm.l(scalbn.o)
    0x08015472   0x00000030   Code   RO         1936    x$fpl$trapveneer    fz_wm.l(trapv.o)
    0x080154a2   0x00000000   Code   RO         1806    x$fpl$usenofp       fz_wm.l(usenofp.o)
    0x080154a2   0x00000100   Data   RO          675    .constdata          os_core.o
    0x080155a2   0x00000002   PAD
    0x080155a4   0x00000014   Data   RO         1342    .constdata          sd.o
    0x080155b8   0x00000024   Data   RO         1379    .constdata          malloc.o
    0x080155dc   0x0000003a   Data   RO         1405    .constdata          ff.o
    0x08015616   0x0002acc8   Data   RO         1452    .constdata          cc936.o
    0x080402de   0x00000002   PAD
    0x080402e0   0x00000070   Data   RO         1516    .constdata          exfuns.o
    0x08040350   0x00000088   Data   RO         1743    .constdata          m_wm.l(pow.o)
    0x080403d8   0x00000008   Data   RO         1828    .constdata          m_wm.l(qnan.o)
    0x080403e0   0x00000044   Data   RO         1517    .conststring        exfuns.o
    0x08040424   0x00000020   Data   RO         2015    Region$$Table       anon$$obj.o


    Execution Region RW_IRAM1 (Base: 0x20000000, Size: 0x000150a0, Max: 0x00020000, ABSOLUTE, COMPRESSED[0x000005b8])

    Base Addr    Size         Type   Attr      Idx    E Section Name        Object

    0x20000000   0x000000c5   Data   RW            5    .data               ucos_task.o
    0x200000c5   0x00000003   PAD
    0x200000c8   0x0000000d   Data   RW          276    .data               main.o
    0x200000d5   0x00000003   PAD
    0x200000d8   0x00000014   Data   RW          356    .data               system_stm32f4xx.o
    0x200000ec   0x00000004   Data   RW          389    .data               delay.o
    0x200000f0   0x00000010   Data   RW          492    .data               stm32f4xx_rcc.o
    0x20000100   0x0000005c   Data   RW          676    .data               os_core.o
    0x2000015c   0x00000006   Data   RW          879    .data               os_cpu_c.o
    0x20000162   0x00000012   Data   RW          910    .data               flash.o
    0x20000174   0x0000000c   Data   RW          936    .data               led_fc.o
    0x20000180   0x00000033   Data   RW         1004    .data               time.o
    0x200001b3   0x0000000a   Data   RW         1055    .data               nrf.o
    0x200001bd   0x00000003   PAD
    0x200001c0   0x00000042   Data   RW         1082    .data               rc_mine.o
    0x20000202   0x00000002   PAD
    0x20000204   0x00000047   Data   RW         1121    .data               rc.o
    0x2000024b   0x00000001   PAD
    0x2000024c   0x000001f0   Data   RW         1148    .data               usart_fc.o
    0x2000043c   0x00000010   Data   RW         1188    .data               m100.o
    0x2000044c   0x00000001   Data   RW         1231    .data               att_control.o
    0x2000044d   0x00000003   PAD
    0x20000450   0x000000d8   Data   RW         1255    .data               circle.o
    0x20000528   0x0000000c   Data   RW         1295    .data               fliter.o
    0x20000534   0x00000404   Data   RW         1318    .data               my_math.o
    0x20000938   0x00000230   Data   RW         1343    .data               sd.o
    0x20000b68   0x00000024   Data   RW         1380    .data               malloc.o
    0x20000b8c   0x00000002   Data   RW         1406    .data               ff.o
    0x20000b8e   0x00000002   PAD
    0x20000b90   0x00000010   Data   RW         1478    .data               sdio.o
    0x20000ba0   0x00000014   Data   RW         1518    .data               exfuns.o
    0x20000bb4   0x0000005c   Data   RW         1550    .data               sbus_oldx.lib(sbus.o)
    0x20000c10   0x000021f4   Zero   RW            4    .bss                ucos_task.o
    0x20002e04   0x00000500   Zero   RW          275    .bss                main.o
    0x20003304   0x00001288   Zero   RW          674    .bss                os_core.o
    0x2000458c   0x00000168   Zero   RW          909    .bss                flash.o
    0x200046f4   0x0000010e   Zero   RW         1003    .bss                time.o
    0x20004802   0x00000040   Zero   RW         1054    .bss                nrf.o
    0x20004842   0x00000002   PAD
    0x20004844   0x000000d8   Zero   RW         1081    .bss                rc_mine.o
    0x2000491c   0x000000d0   Zero   RW         1120    .bss                rc.o
    0x200049ec   0x00001074   Zero   RW         1147    .bss                usart_fc.o
    0x20005a60   0x0000003c   Zero   RW         1187    .bss                m100.o
    0x20005a9c   0x00000004   PAD
    0x20005aa0   0x00000578   Zero   RW         1253    .bss                circle.o
    0x20006018   0x000009f6   Zero   RW         1294    .bss                fliter.o
    0x20006a0e   0x00000002   PAD
    0x20006a10   0x0000088c   Zero   RW         1341    .bss                sd.o
    0x2000729c   0x00000004   PAD
    0x200072a0   0x0000d480   Zero   RW         1378    .bss                malloc.o
    0x20014720   0x0000000c   Zero   RW         1404    .bss                ff.o
    0x2001472c   0x00000004   PAD
    0x20014730   0x000002c0   Zero   RW         1477    .bss                sdio.o
    0x200149f0   0x00000050   Zero   RW         1515    .bss                exfuns.o
    0x20014a40   0x00000060   Zero   RW         1869    .bss                c_w.l(libspace.o)
    0x20014aa0   0x00000200   Zero   RW          380    HEAP                startup_stm32f40_41xxx.o
    0x20014ca0   0x00000400   Zero   RW          379    STACK               startup_stm32f40_41xxx.o



  Load Region LR$$.ARM.__AT_0x10000000 (Base: 0x10000000, Size: 0x00000000, Max: 0x00000040, ABSOLUTE)

    Execution Region ER$$.ARM.__AT_0x10000000 (Base: 0x10000000, Size: 0x00000040, Max: 0x00000040, ABSOLUTE, UNINIT)

    Base Addr    Size         Type   Attr      Idx    E Section Name        Object

    0x10000000   0x00000040   Zero   RW         1374    .ARM.__AT_0x10000000  malloc.o



  Load Region LR$$.ARM.__AT_0x10000040 (Base: 0x10000040, Size: 0x00000000, Max: 0x00000004, ABSOLUTE)

    Execution Region ER$$.ARM.__AT_0x10000040 (Base: 0x10000040, Size: 0x00000004, Max: 0x00000004, ABSOLUTE, UNINIT)

    Base Addr    Size         Type   Attr      Idx    E Section Name        Object

    0x10000040   0x00000004   Zero   RW         1375    .ARM.__AT_0x10000040  malloc.o



  Load Region LR$$.ARM.__AT_0x68000000 (Base: 0x68000000, Size: 0x00000000, Max: 0x00000040, ABSOLUTE)

    Execution Region ER$$.ARM.__AT_0x68000000 (Base: 0x68000000, Size: 0x00000040, Max: 0x00000040, ABSOLUTE, UNINIT)

    Base Addr    Size         Type   Attr      Idx    E Section Name        Object

    0x68000000   0x00000040   Zero   RW         1376    .ARM.__AT_0x68000000  malloc.o



  Load Region LR$$.ARM.__AT_0x68000040 (Base: 0x68000040, Size: 0x00000000, Max: 0x00000004, ABSOLUTE)

    Execution Region ER$$.ARM.__AT_0x68000040 (Base: 0x68000040, Size: 0x00000004, Max: 0x00000004, ABSOLUTE, UNINIT)

    Base Addr    Size         Type   Attr      Idx    E Section Name        Object

    0x68000040   0x00000004   Zero   RW         1377    .ARM.__AT_0x68000040  malloc.o


==============================================================================

Image component sizes


      Code (inc. data)   RO Data    RW Data    ZI Data      Debug   Object Name

         0          0          0          1          0        206   att_control.o
       180         18     175304          0          0       2281   cc936.o
         0          0          0        216       1400      11703   circle.o
       264         18          0          4          0       1391   delay.o
       356          4          0          0          0       3249   diskio.o
       232          4          0          0          0       1436   dma.o
       408         22        180         20         80       2828   exfuns.o
     12954        136         58          2         12      39086   ff.o
       868         92          0         18        360       3212   flash.o
      1226         42          0         12       2550       4301   fliter.o
      1232        110          0         12          0       2330   led_fc.o
      1512         60          0         16         60       5332   m100.o
       872        168          0         13       1280       9602   main.o
       556         18         36         36      54536       5017   malloc.o
       224         20          0          0          0       1793   misc.o
      1460        110          0       1028          0       5487   my_math.o
       668         14          0         10         64       3608   nrf.o
      2196        218        256         92       4744      15971   os_core.o
       200         32          0          0          0        312   os_cpu_a.o
       488          8          0          6          0      11763   os_cpu_c.o
      2060         42          0          0          0       7200   os_flag.o
       972         16          0          0          0       4302   os_mbox.o
      1512         30          0          0          0       5761   os_q.o
       908         18          0          0          0       4034   os_sem.o
      1988         70          0          0          0       7877   os_task.o
       432         30          0          0          0       1866   os_time.o
      1588         94          0          0          0       5721   os_tmr.o
         4          0          0          0          0        620   parameter.o
      1552        126          0         71        208       3474   rc.o
      4696        230          0         66        216       7451   rc_mine.o
      1756        160         20        560       2188       6115   sd.o
      7532        286          0         16        704      25205   sdio.o
       356          8          0          0          0        943   spi_nrf.o
        64         26        392          0       1536        824   startup_stm32f40_41xxx.o
       936         32          0          0          0       6373   stm32f4xx_dma.o
      1684         28          0          0          0       9398   stm32f4xx_flash.o
       660         44          0          0          0       4137   stm32f4xx_gpio.o
        22          0          0          0          0       1023   stm32f4xx_it.o
      1628         52          0         16          0      12996   stm32f4xx_rcc.o
       476         16          0          0          0       7396   stm32f4xx_sdio.o
      1152         36          0          0          0       6885   stm32f4xx_spi.o
      3234         60          0          0          0      22992   stm32f4xx_tim.o
      1108         34          0          0          0       7860   stm32f4xx_usart.o
        16          0          0          0          0        476   sys.o
       528         46          0         20          0       1743   system_stm32f4xx.o
      1180         84          0         51        270      31258   time.o
      3418        328          0        197       8692     341721   ucos_task.o
      9768        394          0        496       4212      22747   usart_fc.o

    ----------------------------------------------------------------------
     77136       3384     176282       2996      83128     689306   Object Totals
         0          0         32          0          0          0   (incl. Generated)
        10          0          4         17         16          0   (incl. Padding)

    ----------------------------------------------------------------------

      Code (inc. data)   RO Data    RW Data    ZI Data      Debug   Library Member Name

        90          0          0          0          0          0   __dczerorl2.o
         8          0          0          0          0         68   __main.o
       104          0          0          0          0         84   __printf.o
         0          0          0          0          0          0   __rtentry.o
        12          0          0          0          0          0   __rtentry2.o
         6          0          0          0          0          0   __rtentry4.o
        52          8          0          0          0          0   __scatter.o
        28          0          0          0          0          0   __scatter_zi.o
        48          6          0          0          0         96   _printf_char_common.o
         6          0          0          0          0          0   _printf_d.o
       120         16          0          0          0         92   _printf_dec.o
       178          0          0          0          0         88   _printf_intcommon.o
         0          0          0          0          0          0   _printf_percent.o
         4          0          0          0          0          0   _printf_percent_end.o
        22          0          0          0          0        100   _rserrno.o
        10          0          0          0          0         68   _sputc.o
        18          0          0          0          0         80   exit.o
         6          0          0          0          0        152   heapauxi.o
         0          0          0          0          0          0   indicate_semi.o
         2          0          0          0          0          0   libinit.o
         6          0          0          0          0          0   libinit2.o
         2          0          0          0          0          0   libshutdown.o
         2          0          0          0          0          0   libshutdown2.o
         8          4          0          0         96         68   libspace.o
        72          0          0          0          0         76   llsdiv.o
       238          0          0          0          0        100   lludivv7m.o
        40          6          0          0          0         84   noretval__2sprintf.o
         8          4          0          0          0         68   rt_errno_addr_intlibspace.o
        78          0          0          0          0         80   rt_memclr_w.o
       138          0          0          0          0         68   rt_memcpy_v6.o
       100          0          0          0          0         80   rt_memcpy_w.o
         2          0          0          0          0          0   rtexit.o
        10          0          0          0          0          0   rtexit2.o
        24          0          0          0          0         68   strcat.o
       128          0          0          0          0         68   strcmpv7m.o
        72          0          0          0          0         80   strcpy.o
        62          0          0          0          0         76   strlen.o
        12          4          0          0          0         68   sys_exit.o
        74          0          0          0          0         80   sys_stackheap_outer.o
         2          0          0          0          0         68   use_no_semi.o
        24          0          0          0          0        164   basic.o
        98          4          0          0          0        140   d2f.o
       826         16          0          0          0        492   daddsub_clz.o
        16          4          0          0          0        116   dcheck1.o
        24          0          0          0          0        116   dcmpi.o
       688        140          0          0          0        256   ddiv.o
        94          4          0          0          0        140   dfix.o
        84          0          0          0          0        232   dflt_clz.o
       120          4          0          0          0        140   dleqf.o
       340         12          0          0          0        152   dmul.o
       156          4          0          0          0        140   dnaninf.o
        12          0          0          0          0        116   dretinf.o
       108          0          0          0          0        128   drleqf.o
       408         56          0          0          0        168   dsqrt_umaal.o
        86          4          0          0          0        132   f2d.o
       140          4          0          0          0        132   fnaninf.o
        10          0          0          0          0        116   fpinit.o
        10          0          0          0          0        116   fretinf.o
       100          0          0          0          0        116   retnan.o
        92          0          0          0          0        116   scalbn.o
        48          0          0          0          0        116   trapv.o
         0          0          0          0          0          0   usenofp.o
       164         44          0          0          0        620   dunder.o
        44          0          0          0          0        248   fabs.o
        48          0          0          0          0        124   fpclassify.o
       248          0          0          0          0        152   poly.o
      3152        296        136          0          0        352   pow.o
         0          0          8          0          0          0   qnan.o
       110          0          0          0          0        148   sqrt.o
       608         26          0         92          0     217216   sbus.o

    ----------------------------------------------------------------------
      9674        666        144         92         96     224164   Library Totals
        24          0          0          0          0          0   (incl. Padding)

    ----------------------------------------------------------------------

      Code (inc. data)   RO Data    RW Data    ZI Data      Debug   Library Name

      1792         48          0          0         96       1960   c_w.l
      3484        252          0          0          0       3344   fz_wm.l
      3766        340        144          0          0       1644   m_wm.l
       608         26          0         92          0     217216   sbus_oldx.lib

    ----------------------------------------------------------------------
      9674        666        144         92         96     224164   Library Totals

    ----------------------------------------------------------------------

==============================================================================


      Code (inc. data)   RO Data    RW Data    ZI Data      Debug   

     86810       4050     176426       3088      83224     898530   Grand Totals
     86810       4050     176426       1464      83224     898530   ELF Image Totals (compressed)
     86810       4050     176426       1464          0          0   ROM Totals

==============================================================================

    Total RO  Size (Code + RO Data)               263236 ( 257.07kB)
    Total RW  Size (RW Data + ZI Data)             86312 (  84.29kB)
    Total ROM Size (Code + RO Data + RW Data)     264700 ( 258.50kB)

==============================================================================

