Component: ARM Compiler 5.06 update 2 (build 183) Tool: armlink [4d35b7]

==============================================================================

Section Cross References

    ucos_task.o(.text) refers to time.o(.text) for Get_Cycle_T
    ucos_task.o(.text) refers to rc.o(.text) for RC_Duty
    ucos_task.o(.text) refers to att_control.o(.text) for CTRL_1
    ucos_task.o(.text) refers to misc.o(.text) for NVIC_Init
    ucos_task.o(.text) refers to dflt_clz.o(x$fpl$dfltu) for __aeabi_ui2d
    ucos_task.o(.text) refers to dmul.o(x$fpl$dmul) for __aeabi_dmul
    ucos_task.o(.text) refers to daddsub_clz.o(x$fpl$dadd) for __aeabi_dadd
    ucos_task.o(.text) refers to dfixu.o(x$fpl$dfixu) for __aeabi_d2uiz
    ucos_task.o(.text) refers to dflt_clz.o(x$fpl$dflt) for __aeabi_i2d
    ucos_task.o(.text) refers to fabs.o(i.__hardfp_fabs) for __hardfp_fabs
    ucos_task.o(.text) refers to dleqf.o(x$fpl$dleqf) for __aeabi_cdcmple
    ucos_task.o(.text) refers to f2d.o(x$fpl$f2d) for __aeabi_f2d
    ucos_task.o(.text) refers to drleqf.o(x$fpl$drleqf) for __aeabi_cdrcmple
    ucos_task.o(.text) refers to my_math.o(.text) for my_deathzoom
    ucos_task.o(.text) refers to d2f.o(x$fpl$d2f) for __aeabi_d2f
    ucos_task.o(.text) refers to ucos_task.o(.data) for inner_loop_time
    ucos_task.o(.text) refers to ucos_task.o(.bss) for Rc_Pwm_In
    ucos_task.o(.text) refers to usart_fc.o(.bss) for mode
    ucos_task.o(.text) refers to att_control.o(.data) for nav_land
    ucos_task.o(.text) refers to circle.o(.bss) for mouse
    ucos_task.o(.text) refers to usart_fc.o(.data) for Pitch_DJ
    ucos_task.o(.text) refers to delay.o(.text) for delay_ms
    ucos_task.o(.text) refers to circle.o(.text) for GPS_hold
    ucos_task.o(.text) refers to rc_mine.o(.text) for Nrf_Check_Event
    ucos_task.o(.text) refers to led_fc.o(.text) for sd_check
    ucos_task.o(.text) refers to sdio.o(.text) for SD_Init
    ucos_task.o(.text) refers to exfuns.o(.text) for exfuns_init
    ucos_task.o(.text) refers to sd.o(.text) for SD_INIT
    ucos_task.o(.text) refers to m100.o(.text) for m100_data
    ucos_task.o(.text) refers to flash.o(.text) for WRITE_PARM
    ucos_task.o(.text) refers to fliter.o(.text) for Moving_Median
    ucos_task.o(.text) refers to rc.o(.data) for fly_ready
    ucos_task.o(.text) refers to led_fc.o(.data) for sd_insert
    ucos_task.o(.text) refers to sd.o(.data) for sd_had_init
    ucos_task.o(.text) refers to sd.o(.bss) for sd
    ucos_task.o(.text) refers to sbus.o(.data) for channels
    ucos_task.o(.text) refers to flash.o(.data) for SBUS_MID
    ucos_task.o(.text) refers to time.o(.bss) for ppm_rx
    ucos_task.o(.text) refers to usart_fc.o(.text) for Send_RC_TO_FC
    ucos_task.o(.text) refers to os_core.o(.data) for OSCPUUsage
    main.o(.text) refers to os_mbox.o(.text) for OSMboxCreate
    main.o(.text) refers to os_q.o(.text) for OSQCreate
    main.o(.text) refers to os_flag.o(.text) for OSFlagCreate
    main.o(.text) refers to os_core.o(.text) for OSStatInit
    main.o(.text) refers to os_tmr.o(.text) for OSTmrCreate
    main.o(.text) refers to os_cpu_a.o(.text) for OS_CPU_SR_Save
    main.o(.text) refers to os_task.o(.text) for OSTaskCreate
    main.o(.text) refers to misc.o(.text) for NVIC_PriorityGroupConfig
    main.o(.text) refers to delay.o(.text) for delay_init
    main.o(.text) refers to time.o(.text) for TIM3_Cap_Init
    main.o(.text) refers to parameter.o(.text) for Para_Init
    main.o(.text) refers to flash.o(.text) for READ_PARM
    main.o(.text) refers to led_fc.o(.text) for LED_Init
    main.o(.text) refers to malloc.o(.text) for my_mem_init
    main.o(.text) refers to sdio.o(.text) for SD_Init
    main.o(.text) refers to exfuns.o(.text) for exfuns_init
    main.o(.text) refers to sd.o(.text) for SD_INIT
    main.o(.text) refers to usart_fc.o(.text) for Usart1_Init
    main.o(.text) refers to dma.o(.text) for MYDMA_Config
    main.o(.text) refers to spi_nrf.o(.text) for Spi1_Init
    main.o(.text) refers to nrf.o(.text) for Nrf24l01_Init
    main.o(.text) refers to stm32f4xx_usart.o(.text) for USART_DMACmd
    main.o(.text) refers to main.o(.data) for msg_key
    main.o(.text) refers to main.o(.bss) for MsgGrp
    main.o(.text) refers to ucos_task.o(.text) for tmr1_callback
    main.o(.text) refers to ucos_task.o(.data) for tmr1
    main.o(.text) refers to ucos_task.o(.bss) for INNER_TASK_STK
    main.o(.text) refers to led_fc.o(.data) for sd_insert
    main.o(.text) refers to sd.o(.data) for sd_had_init
    main.o(.text) refers to usart_fc.o(.bss) for SendBuff1
    main.o(.text) refers to circle.o(.bss) for track
    main.o(.text) refers to rc.o(.data) for fly_ready
    main.o(.text) refers to rc.o(.bss) for RX_CH
    system_stm32f4xx.o(.text) refers to system_stm32f4xx.o(.data) for SystemCoreClock
    startup_stm32f40_41xxx.o(STACK) refers (Special) to heapauxi.o(.text) for __use_two_region_memory
[...]
    _sys_exit                                0x080216c1   Thumb Code     8  sys_exit.o(.text)
    __I$use$semihosting                      0x080216cd   Thumb Code     0  use_no_semi.o(.text)
    __use_no_semihosting_swi                 0x080216cd   Thumb Code     2  use_no_semi.o(.text)
    __ARM_fpclassify                         0x080216cf   Thumb Code    48  fpclassify.o(i.__ARM_fpclassify)
    __semihosting_library_function           0x080216cf   Thumb Code     0  indicate_semi.o(.text)
    __hardfp_cos                             0x08021701   Thumb Code   180  cos.o(i.__hardfp_cos)
    __hardfp_fabs                            0x080217c9   Thumb Code    20  fabs.o(i.__hardfp_fabs)
    __hardfp_pow                             0x080217e1   Thumb Code  3072  pow.o(i.__hardfp_pow)
    __hardfp_sin                             0x08022431   Thumb Code   180  sin.o(i.__hardfp_sin)
    __hardfp_sqrt                            0x080224f9   Thumb Code   122  sqrt.o(i.__hardfp_sqrt)
    __ieee754_rem_pio2                       0x08022579   Thumb Code   938  rred.o(i.__ieee754_rem_pio2)
    __kernel_cos                             0x080229b1   Thumb Code   322  cos_i.o(i.__kernel_cos)
    __kernel_poly                            0x08022b21   Thumb Code   248  poly.o(i.__kernel_poly)
    __kernel_sin                             0x08022c19   Thumb Code   280  sin_i.o(i.__kernel_sin)
    __mathlib_dbl_divzero                    0x08022d49   Thumb Code    28  dunder.o(i.__mathlib_dbl_divzero)
    __mathlib_dbl_infnan                     0x08022d79   Thumb Code    20  dunder.o(i.__mathlib_dbl_infnan)
    __mathlib_dbl_infnan2                    0x08022d8d   Thumb Code    20  dunder.o(i.__mathlib_dbl_infnan2)
    __mathlib_dbl_invalid                    0x08022da1   Thumb Code    24  dunder.o(i.__mathlib_dbl_invalid)
    __mathlib_dbl_overflow                   0x08022dc1   Thumb Code    24  dunder.o(i.__mathlib_dbl_overflow)
    __mathlib_dbl_underflow                  0x08022de1   Thumb Code    24  dunder.o(i.__mathlib_dbl_underflow)
    fabs                                     0x08022e01   Thumb Code    24  fabs.o(i.fabs)
    sqrt                                     0x08022e19   Thumb Code   110  sqrt.o(i.sqrt)
    __aeabi_dneg                             0x08022e87   Thumb Code     0  basic.o(x$fpl$basic)
    _dneg                                    0x08022e87   Thumb Code     6  basic.o(x$fpl$basic)
    __aeabi_fneg                             0x08022e8d   Thumb Code     0  basic.o(x$fpl$basic)
    _fneg                                    0x08022e8d   Thumb Code     6  basic.o(x$fpl$basic)
    _dabs                                    0x08022e93   Thumb Code     6  basic.o(x$fpl$basic)
    _fabs                                    0x08022e99   Thumb Code     6  basic.o(x$fpl$basic)
    __aeabi_d2f                              0x08022ea1   Thumb Code     0  d2f.o(x$fpl$d2f)
    _d2f                                     0x08022ea1   Thumb Code    98  d2f.o(x$fpl$d2f)
    __aeabi_dadd                             0x08022f05   Thumb Code     0  daddsub_clz.o(x$fpl$dadd)
    _dadd                                    0x08022f05   Thumb Code   332  daddsub_clz.o(x$fpl$dadd)
    __fpl_dcheck_NaN1                        0x08023055   Thumb Code    10  dcheck1.o(x$fpl$dcheck1)
    __fpl_dcmp_Inf                           0x08023065   Thumb Code    24  dcmpi.o(x$fpl$dcmpinf)
    __aeabi_ddiv                             0x0802307d   Thumb Code     0  ddiv.o(x$fpl$ddiv)
    _ddiv                                    0x0802307d   Thumb Code   552  ddiv.o(x$fpl$ddiv)
    __aeabi_cdcmpeq                          0x0802332d   Thumb Code     0  deqf.o(x$fpl$deqf)
    _dcmpeq                                  0x0802332d   Thumb Code   120  deqf.o(x$fpl$deqf)
    __aeabi_d2iz                             0x080233a5   Thumb Code     0  dfix.o(x$fpl$dfix)
    _dfix                                    0x080233a5   Thumb Code    94  dfix.o(x$fpl$dfix)
    __aeabi_d2uiz                            0x08023405   Thumb Code     0  dfixu.o(x$fpl$dfixu)
    _dfixu                                   0x08023405   Thumb Code    90  dfixu.o(x$fpl$dfixu)
    __aeabi_i2d                              0x0802345f   Thumb Code     0  dflt_clz.o(x$fpl$dflt)
    _dflt                                    0x0802345f   Thumb Code    46  dflt_clz.o(x$fpl$dflt)
    __aeabi_ui2d                             0x0802348d   Thumb Code     0  dflt_clz.o(x$fpl$dfltu)
    _dfltu                                   0x0802348d   Thumb Code    38  dflt_clz.o(x$fpl$dfltu)
    __aeabi_cdcmple                          0x080234b5   Thumb Code     0  dleqf.o(x$fpl$dleqf)
    _dcmple                                  0x080234b5   Thumb Code   120  dleqf.o(x$fpl$dleqf)
    __fpl_dcmple_InfNaN                      0x08023517   Thumb Code     0  dleqf.o(x$fpl$dleqf)
    __aeabi_dmul                             0x0802352d   Thumb Code     0  dmul.o(x$fpl$dmul)
    _dmul                                    0x0802352d   Thumb Code   332  dmul.o(x$fpl$dmul)
    __fpl_dnaninf                            0x08023681   Thumb Code   156  dnaninf.o(x$fpl$dnaninf)
    __fpl_dretinf                            0x0802371d   Thumb Code    12  dretinf.o(x$fpl$dretinf)
    __aeabi_cdrcmple                         0x08023729   Thumb Code     0  drleqf.o(x$fpl$drleqf)
    _drcmple                                 0x08023729   Thumb Code   108  drleqf.o(x$fpl$drleqf)
    __aeabi_drsub                            0x08023795   Thumb Code     0  daddsub_clz.o(x$fpl$drsb)
    _drsb                                    0x08023795   Thumb Code    22  daddsub_clz.o(x$fpl$drsb)
    _dsqrt                                   0x080237ad   Thumb Code   404  dsqrt_umaal.o(x$fpl$dsqrt)
    __aeabi_dsub                             0x08023945   Thumb Code     0  daddsub_clz.o(x$fpl$dsub)
    _dsub                                    0x08023945   Thumb Code   464  daddsub_clz.o(x$fpl$dsub)
    __aeabi_f2d                              0x08023b19   Thumb Code     0  f2d.o(x$fpl$f2d)
    _f2d                                     0x08023b19   Thumb Code    86  f2d.o(x$fpl$f2d)
    __fpl_fnaninf                            0x08023b6f   Thumb Code   140  fnaninf.o(x$fpl$fnaninf)
    _fp_init                                 0x08023bfb   Thumb Code    10  fpinit.o(x$fpl$fpinit)
    __fplib_config_fpu_vfp                   0x08023c03   Thumb Code     0  fpinit.o(x$fpl$fpinit)
    __fplib_config_pureend_doubles           0x08023c03   Thumb Code     0  fpinit.o(x$fpl$fpinit)
    __fpl_fretinf                            0x08023c05   Thumb Code    10  fretinf.o(x$fpl$fretinf)
    __fpl_return_NaN                         0x08023c0f   Thumb Code   100  retnan.o(x$fpl$retnan)
    __ARM_scalbn                             0x08023c73   Thumb Code    92  scalbn.o(x$fpl$scalbn)
    __fpl_cmpreturn                          0x08023ccf   Thumb Code    48  trapv.o(x$fpl$trapveneer)
    OSUnMapTbl                               0x08023cfe   Data         256  os_core.o(.constdata)
    __I$use$fp                               0x08023cfe   Number         0  usenofp.o(x$fpl$usenofp)
    memtblsize                               0x08023e1c   Data          12  malloc.o(.constdata)
    memblksize                               0x08023e28   Data          12  malloc.o(.constdata)
    memsize                                  0x08023e34   Data          12  malloc.o(.constdata)
    FILE_TYPE_TBL                            0x0804eb44   Data         112  exfuns.o(.constdata)
    __mathlib_zero                           0x0804ec70   Data           8  qnan.o(.constdata)
    Region$$Table$$Base                      0x0804edac   Number         0  anon$$obj.o(Region$$Table)
    Region$$Table$$Limit                     0x0804edcc   Number         0  anon$$obj.o(Region$$Table)
    mem3base                                 0x10000000   Data       30720  malloc.o(.ARM.__AT_0x10000000)
    mem3mapbase                              0x10007800   Data        1920  malloc.o(.ARM.__AT_0x10007800)
    altUkfData                               0x20000000   Data           8  ucos_task.o(.data)
    altUkfData_sonar                         0x20000008   Data           8  ucos_task.o(.data)
    altUkfData_bmp                           0x20000010   Data           8  ucos_task.o(.data)
    ALT_POS_SONAR2                           0x20000018   Data           4  ucos_task.o(.data)
    ALT_VEL_BMP_EKF                          0x2000001c   Data           4  ucos_task.o(.data)
    Roll                                     0x20000020   Data           4  ucos_task.o(.data)
    Yaw                                      0x20000024   Data           4  ucos_task.o(.data)
    Pitch                                    0x20000028   Data           4  ucos_task.o(.data)
    PWM_DJ                                   0x2000002c   Data          16  ucos_task.o(.data)
    inner_loop_time                          0x2000003c   Data           4  ucos_task.o(.data)
    dj_k                                     0x20000040   Data           4  ucos_task.o(.data)
    dj_k2                                    0x20000044   Data           4  ucos_task.o(.data)
    dj_k_mouse                               0x20000048   Data           4  ucos_task.o(.data)
    k_dj                                     0x2000004c   Data          24  ucos_task.o(.data)
    d_t                                      0x20000064   Data           8  ucos_task.o(.data)
    dt_flt                                   0x2000006c   Data           4  ucos_task.o(.data)
    flt_track                                0x20000070   Data          12  ucos_task.o(.data)
    DJ_YAW_OFF                               0x2000007c   Data           4  ucos_task.o(.data)
    Rc_Pwm_off                               0x20000080   Data          32  ucos_task.o(.data)
    k_yaw_z                                  0x200000a0   Data           4  ucos_task.o(.data)
    k_reset                                  0x200000a4   Data           4  ucos_task.o(.data)
    state_v_test2                            0x200000a8   Data           1  ucos_task.o(.data)
    dead_pan_z                               0x200000ac   Data           4  ucos_task.o(.data)
    k_pan_z                                  0x200000b0   Data           4  ucos_task.o(.data)
    rc_thr_mid                               0x200000b4   Data           1  ucos_task.o(.data)
    flt_gro_z                                0x200000b8   Data           4  ucos_task.o(.data)
    Yaw_Follow_Dead                          0x200000bc   Data           4  ucos_task.o(.data)
    SHOOT_PWM_OFF0                           0x200000c0   Data           4  ucos_task.o(.data)
    SHOOT_PWM_OFF1                           0x200000c4   Data           4  ucos_task.o(.data)
    SHOOT_PWM_DEAD0                          0x200000c8   Data           4  ucos_task.o(.data)
    SHOOT_PWM_DEAD1                          0x200000cc   Data           4  ucos_task.o(.data)
    YUN_PER_OFF                              0x200000d0   Data           4  ucos_task.o(.data)
    T_SHOOT_CHECK                            0x200000d4   Data           4  ucos_task.o(.data)
    DJ_TEST                                  0x200000d8   Data           6  ucos_task.o(.data)
    kp_dj                                    0x200000e0   Data          12  ucos_task.o(.data)
    i_yaw                                    0x200000ec   Data           4  ucos_task.o(.data)
    k_scan                                   0x200000f0   Data           4  ucos_task.o(.data)
    SCAN_RANGE                               0x200000f4   Data           1  ucos_task.o(.data)
    flag_yun                                 0x200000f8   Data           8  ucos_task.o(.data)
    Rc_Pwm_Out_mine_USE                      0x20000100   Data           8  ucos_task.o(.data)
    k_m100_gps                               0x20000108   Data          12  ucos_task.o(.data)
    k_m100_scan                              0x20000114   Data          12  ucos_task.o(.data)
    k_m100_track                             0x20000120   Data          12  ucos_task.o(.data)
    k_m100_shoot                             0x2000012c   Data          12  ucos_task.o(.data)
    k_m100_laser_avoid                       0x20000138   Data           4  ucos_task.o(.data)
    k_m100_yaw                               0x2000013c   Data           4  ucos_task.o(.data)
    outer_loop_time                          0x20000140   Data           4  ucos_task.o(.data)
    Pitch_R                                  0x20000144   Data           4  ucos_task.o(.data)
    Roll_R                                   0x20000148   Data           4  ucos_task.o(.data)
    Yaw_R                                    0x2000014c   Data           4  ucos_task.o(.data)
    en_shoot                                 0x20000150   Data           1  ucos_task.o(.data)
    ACC_SPEED_NUM_USE                        0x20000151   Data           1  ucos_task.o(.data)
    acc_cnt                                  0x20000152   Data           4  ucos_task.o(.data)
    wz_speed_flow                            0x20000158   Data           8  ucos_task.o(.data)
    w_acc_spd                                0x20000160   Data           4  ucos_task.o(.data)
    w_acc_fix                                0x20000164   Data           4  ucos_task.o(.data)
    sd_time                                  0x20000168   Data           4  ucos_task.o(.data)
    sd_dt                                    0x2000016c   Data           2  ucos_task.o(.data)
    en_vrc                                   0x2000016e   Data           1  ucos_task.o(.data)
    m100_control_mode                        0x2000016f   Data           1  ucos_task.o(.data)
    k_m100                                   0x20000170   Data          20  ucos_task.o(.data)
    UART_UP_LOAD_SEL                         0x20000184   Data           1  ucos_task.o(.data)
    state_v_test                             0x20000185   Data           1  ucos_task.o(.data)
    num_need_to_check                        0x20000186   Data           1  ucos_task.o(.data)
    save_rc                                  0x20000187   Data           1  ucos_task.o(.data)
    tmr1                                     0x20000188   Data           4  ucos_task.o(.data)
    tmr2                                     0x2000018c   Data           4  ucos_task.o(.data)
    tmr3                                     0x20000190   Data           4  ucos_task.o(.data)
    cpuusage                                 0x20000194   Data           2  ucos_task.o(.data)
    dji_rst_protect                          0x20000196   Data           1  ucos_task.o(.data)
    dji_rst                                  0x20000197   Data           1  ucos_task.o(.data)
    DJI_CONNECT                              0x20000198   Data           1  ucos_task.o(.data)
    dji_miss_cnt                             0x2000019a   Data           2  ucos_task.o(.data)
    dji_rc_miss                              0x2000019c   Data           1  ucos_task.o(.data)
    dji_rc_miss_cnt                          0x2000019e   Data           2  ucos_task.o(.data)
    time_led                                 0x200001a0   Data           4  ucos_task.o(.data)
    msg_key                                  0x20000218   Data           4  main.o(.data)
    q_msg                                    0x2000021c   Data           4  main.o(.data)
    flags_key                                0x20000220   Data           4  main.o(.data)
    en_read                                  0x20000224   Data           1  main.o(.data)
    SystemCoreClock                          0x20000228   Data           4  system_stm32f4xx.o(.data)
    AHBPrescTable                            0x2000022c   Data          16  system_stm32f4xx.o(.data)
    OSCtxSwCtr                               0x20000250   Data           4  os_core.o(.data)
    OSEventFreeList                          0x20000254   Data           4  os_core.o(.data)
    OSFlagFreeList                           0x20000258   Data           4  os_core.o(.data)
    OSCPUUsage                               0x2000025c   Data           1  os_core.o(.data)
    OSIdleCtrMax                             0x20000260   Data           4  os_core.o(.data)
    OSIdleCtrRun                             0x20000264   Data           4  os_core.o(.data)
    OSStatRdy                                0x20000268   Data           1  os_core.o(.data)
    OSIntNesting                             0x20000269   Data           1  os_core.o(.data)
    OSLockNesting                            0x2000026a   Data           1  os_core.o(.data)
    OSPrioCur                                0x2000026b   Data           1  os_core.o(.data)
    OSPrioHighRdy                            0x2000026c   Data           1  os_core.o(.data)
    OSRdyGrp                                 0x2000026d   Data           1  os_core.o(.data)
    OSRdyTbl                                 0x2000026e   Data           8  os_core.o(.data)
    OSRunning                                0x20000276   Data           1  os_core.o(.data)
    OSTaskCtr                                0x20000277   Data           1  os_core.o(.data)
    OSIdleCtr                                0x20000278   Data           4  os_core.o(.data)
    OSTCBCur                                 0x2000027c   Data           4  os_core.o(.data)
    OSTCBFreeList                            0x20000280   Data           4  os_core.o(.data)
    OSTCBHighRdy                             0x20000284   Data           4  os_core.o(.data)
    OSTCBList                                0x20000288   Data           4  os_core.o(.data)
    OSTickStepState                          0x2000028c   Data           1  os_core.o(.data)
    OSQFreeList                              0x20000290   Data           4  os_core.o(.data)
    OSTime                                   0x20000294   Data           4  os_core.o(.data)
    OSTmrFree                                0x20000298   Data           2  os_core.o(.data)
    OSTmrUsed                                0x2000029a   Data           2  os_core.o(.data)
    OSTmrTime                                0x2000029c   Data           4  os_core.o(.data)
    OSTmrSem                                 0x200002a0   Data           4  os_core.o(.data)
    OSTmrSemSignal                           0x200002a4   Data           4  os_core.o(.data)
    OSTmrFreeList                            0x200002a8   Data           4  os_core.o(.data)
    OSInterrputSum                           0x200002ac   Data           4  os_cpu_c.o(.data)
    PWM_PPM_MIN                              0x200002b2   Data           2  flash.o(.data)
    PWM_PPM_MAX                              0x200002b4   Data           2  flash.o(.data)
    PWM_PPM_MID                              0x200002b6   Data           2  flash.o(.data)
    SBUS_MIN                                 0x200002b8   Data           2  flash.o(.data)
    SBUS_MAX                                 0x200002ba   Data           2  flash.o(.data)
    SBUS_MID                                 0x200002bc   Data           2  flash.o(.data)
    SBUS_MIN_A                               0x200002be   Data           2  flash.o(.data)
    SBUS_MAX_A                               0x200002c0   Data           2  flash.o(.data)
    SBUS_MID_A                               0x200002c2   Data           2  flash.o(.data)
    sd_insert                                0x200002c4   Data           1  led_fc.o(.data)
    sysTickUptime                            0x200002d0   Data           4  time.o(.data)
    time_1h                                  0x200002d4   Data           4  time.o(.data)
    time_1m                                  0x200002d8   Data           4  time.o(.data)
    time_1s                                  0x200002dc   Data           4  time.o(.data)
    time_1ms                                 0x200002e0   Data           4  time.o(.data)
    temp                                     0x200002e4   Data           4  time.o(.data)
    TIM5CH1_CAPTURE_STA                      0x200002e8   Data           1  time.o(.data)
    ppm_rx_sta                               0x200002e9   Data           1  time.o(.data)
    ppm_rx_num                               0x200002ea   Data           1  time.o(.data)
    TIM5CH1_CAPTURE_VAL                      0x200002ec   Data           2  time.o(.data)
    TX_ADDRESS                               0x200002fc   Data           5  nrf.o(.data)
    RX_ADDRESS                               0x20000301   Data           5  nrf.o(.data)
    QH                                       0x20000308   Data           2  rc_mine.o(.data)
    ZY                                       0x2000030a   Data           2  rc_mine.o(.data)
    XZ                                       0x2000030c   Data           2  rc_mine.o(.data)
    is_lock                                  0x2000030e   Data           1  rc_mine.o(.data)
    EN_FIX_GPSF                              0x2000030f   Data           1  rc_mine.o(.data)
    EN_FIX_LOCKWF                            0x20000310   Data           1  rc_mine.o(.data)
    EN_CONTROL_IMUF                          0x20000311   Data           1  rc_mine.o(.data)
    EN_FIX_INSF                              0x20000312   Data           1  rc_mine.o(.data)
    EN_FIX_HIGHF                             0x20000313   Data           1  rc_mine.o(.data)
    tx_lock                                  0x20000314   Data           1  rc_mine.o(.data)
    EN_FIX_GPS                               0x20000315   Data           1  rc_mine.o(.data)
    EN_FIX_LOCKW                             0x20000316   Data           1  rc_mine.o(.data)
    EN_CONTROL_IMU                           0x20000317   Data           1  rc_mine.o(.data)
    EN_FIX_INS                               0x20000318   Data           1  rc_mine.o(.data)
    EN_FIX_HIGH                              0x20000319   Data           1  rc_mine.o(.data)
    EN_TX_GX                                 0x2000031a   Data           1  rc_mine.o(.data)
    EN_TX_AX                                 0x2000031b   Data           1  rc_mine.o(.data)
    EN_TX_HM                                 0x2000031c   Data           1  rc_mine.o(.data)
    EN_TX_YRP                                0x2000031d   Data           1  rc_mine.o(.data)
    EN_TX_GPS                                0x2000031e   Data           1  rc_mine.o(.data)
    EN_TX_HIGH                               0x2000031f   Data           1  rc_mine.o(.data)
    up_load_set                              0x20000320   Data           1  rc_mine.o(.data)
    up_load_pid                              0x20000321   Data           1  rc_mine.o(.data)
    key_rc                                   0x20000322   Data           6  rc_mine.o(.data)
    Yaw_sb_rc                                0x20000328   Data           2  rc_mine.o(.data)
    cnt_rst                                  0x2000032a   Data           1  rc_mine.o(.data)
    delta_pitch                              0x2000032b   Data           1  rc_mine.o(.data)
    delta_roll                               0x2000032c   Data           1  rc_mine.o(.data)
    delta_yew                                0x2000032d   Data           1  rc_mine.o(.data)
    data_rate                                0x2000032e   Data           2  rc_mine.o(.data)
    control_scale                            0x20000330   Data           4  rc_mine.o(.data)
    Not_sent                                 0x20000334   Data           1  rc_mine.o(.data)
    RC_CONNECT                               0x20000335   Data           1  rc_mine.o(.data)
    cnt_timer2_r                             0x20000338   Data           4  rc_mine.o(.data)
    cnt_led_rx                               0x2000033c   Data           1  rc_mine.o(.data)
    CH_in_Mapping                            0x2000034c   Data           8  rc.o(.data)
    NS                                       0x20000354   Data           1  rc.o(.data)
    CH_Error                                 0x20000355   Data           8  rc.o(.data)
    NS_cnt                                   0x2000035e   Data           2  rc.o(.data)
    MAX_CH                                   0x20000360   Data          16  rc.o(.data)
    MIN_CH                                   0x20000370   Data          16  rc.o(.data)
    CH_DIR                                   0x20000380   Data           8  rc.o(.data)
    filter_A                                 0x20000388   Data           4  rc.o(.data)
    fly_ready                                0x2000038c   Data           1  rc.o(.data)
    ready_cnt                                0x2000038e   Data           2  rc.o(.data)
    height_ctrl_mode                         0x20000390   Data           1  rc.o(.data)
    height_ctrl_mode_use                     0x20000391   Data           1  rc.o(.data)
    dt_flow_rx                               0x20000394   Data           4  usart_fc.o(.data)
    data_rate_gol_link                       0x20000398   Data           2  usart_fc.o(.data)
    LOCK                                     0x2000039a   Data           1  usart_fc.o(.data)
    KEY                                      0x2000039b   Data           8  usart_fc.o(.data)
    KEY_SEL                                  0x200003a3   Data           4  usart_fc.o(.data)
    NAV_BOARD_CONNECT                        0x200003a7   Data           1  usart_fc.o(.data)
    SONAR_HEAD_CHECK                         0x200003a8   Data           2  usart_fc.o(.data)
    imu_loss_cnt                             0x200003ac   Data           4  usart_fc.o(.data)
    S_head                                   0x200003b0   Data           2  usart_fc.o(.data)
    Pitch_DJ                                 0x200003b4   Data           4  usart_fc.o(.data)
    Roll_DJ                                  0x200003b8   Data           4  usart_fc.o(.data)
    ALT_POS_SONAR_HEAD                       0x200003bc   Data           4  usart_fc.o(.data)
    ALT_POS_SONAR_HEAD_LASER_SCANER          0x200003c0   Data           4  usart_fc.o(.data)
    laser_sel                                0x200003c4   Data           1  usart_fc.o(.data)
    TxCounter                                0x200003c5   Data           1  usart_fc.o(.data)
    count                                    0x200003c6   Data           1  usart_fc.o(.data)
    RxState                                  0x200003c7   Data           1  usart_fc.o(.data)
    RxBufferNum                              0x200003c8   Data           1  usart_fc.o(.data)
    RxBufferCnt                              0x200003c9   Data           1  usart_fc.o(.data)
    RxLen                                    0x200003ca   Data           1  usart_fc.o(.data)
    com_data                                 0x200003cb   Data           1  usart_fc.o(.data)
    buf_GPRMC                                0x200003ce   Data         100  usart_fc.o(.data)
    buf_GPRMCt                               0x20000432   Data         100  usart_fc.o(.data)
    buf_GPGGA                                0x20000496   Data         100  usart_fc.o(.data)
    buf_GPGGAt                               0x200004fa   Data         100  usart_fc.o(.data)
    cnt_m100_data_refresh                    0x2000055e   Data           2  usart_fc.o(.data)
    m100_data_refresh                        0x20000560   Data           1  usart_fc.o(.data)
    m100_update_time                         0x20000564   Data           4  usart_fc.o(.data)
    k_scale_pix                              0x20000568   Data           4  usart_fc.o(.data)
    en_save                                  0x2000056c   Data           1  usart_fc.o(.data)
    TxCounter4                               0x2000056d   Data           1  usart_fc.o(.data)
    count4                                   0x2000056e   Data           1  usart_fc.o(.data)
    RxState4                                 0x2000056f   Data           1  usart_fc.o(.data)
    RxBufferNum4                             0x20000570   Data           1  usart_fc.o(.data)
    RxBufferCnt4                             0x20000571   Data           1  usart_fc.o(.data)
    RxLen4                                   0x20000572   Data           1  usart_fc.o(.data)
    nrf_uart_cnt                             0x20000576   Data           2  usart_fc.o(.data)
    m100_x_g                                 0x20000584   Data           4  m100.o(.data)
    m100_y_g                                 0x20000588   Data           4  m100.o(.data)
    m100_z_g                                 0x2000058c   Data           4  m100.o(.data)
    m100_yaw_g                               0x20000590   Data           4  m100.o(.data)
    sbus_data_i                              0x20000594   Data          26  sbus.o(.data)
    sbus_data                                0x200005ae   Data          26  sbus.o(.data)
    channels                                 0x200005c8   Data          36  sbus.o(.data)
    failsafe_status                          0x200005ec   Data           1  sbus.o(.data)
    sbus_passthrough                         0x200005ed   Data           1  sbus.o(.data)
    ultra_ok                                 0x200005f0   Data           1  height_ctrl.o(.data)
    ultra_distance                           0x200005f4   Data           4  height_ctrl.o(.data)
    ultra_start_f                            0x200005f8   Data           1  height_ctrl.o(.data)
    exp_spd_zv                               0x200005fc   Data           4  height_ctrl.o(.data)
    thr_use                                  0x20000600   Data           4  height_ctrl.o(.data)
    thr_in_view                              0x20000604   Data           4  height_ctrl.o(.data)
    exp_height_speed                         0x20000608   Data           4  height_ctrl.o(.data)
    exp_height                               0x2000060c   Data           4  height_ctrl.o(.data)
    exp_height_check                         0x20000610   Data           4  height_ctrl.o(.data)
    exp_height_front                         0x20000614   Data           4  height_ctrl.o(.data)
    exp_height_back                          0x20000618   Data           4  height_ctrl.o(.data)
    exp_height_shoot_off                     0x2000061c   Data           4  height_ctrl.o(.data)
    exp_height_speed_safe                    0x20000620   Data           4  height_ctrl.o(.data)
    exp_height_safe                          0x20000624   Data           4  height_ctrl.o(.data)
    ultra_speed                              0x20000628   Data           4  height_ctrl.o(.data)
    ultra_speed_safe                         0x2000062c   Data           4  height_ctrl.o(.data)
    ultra_dis_lpf                            0x20000630   Data           4  height_ctrl.o(.data)
    ultra_dis_lpf_safe                       0x20000634   Data           4  height_ctrl.o(.data)
    ultra_ctrl_out_safe                      0x20000638   Data           4  height_ctrl.o(.data)
    ultra_ctrl_out                           0x2000063c   Data           4  height_ctrl.o(.data)
    ultra_ctrl_out_head                      0x20000640   Data           4  height_ctrl.o(.data)
    baro_speed                               0x20000644   Data           4  height_ctrl.o(.data)
    height_ctrl_out                          0x20000648   Data           4  height_ctrl.o(.data)
    height_ctrl_out_head                     0x2000064c   Data           4  height_ctrl.o(.data)
    wz_acc                                   0x20000650   Data           4  height_ctrl.o(.data)
    adrc_out                                 0x20000654   Data           4  height_ctrl.o(.data)
    baro_cnt                                 0x20000658   Data           2  height_ctrl.o(.data)
    switch_r                                 0x2000065a   Data           1  height_ctrl.o(.data)
    wz_acc_ukf                               0x2000065c   Data           4  height_ctrl.o(.data)
    cnt_height                               0x20000660   Data           1  height_ctrl.o(.data)
    out_timer_high                           0x20000664   Data           4  height_ctrl.o(.data)
    in_timer_high                            0x20000668   Data           4  height_ctrl.o(.data)
    p1                                       0x2000066c   Data           4  height_ctrl.o(.data)
    p2                                       0x20000670   Data           4  height_ctrl.o(.data)
    speed_ctrl_sel                           0x20000674   Data           1  height_ctrl.o(.data)
    wz_speed                                 0x20000678   Data           4  height_ctrl.o(.data)
    wz_speed_old                             0x2000067c   Data           4  height_ctrl.o(.data)
    wz_acc_mms2                              0x20000680   Data           4  height_ctrl.o(.data)
    height_thrv                              0x20000684   Data           4  height_ctrl.o(.data)
    baro_ctrl_start                          0x20000688   Data           1  height_ctrl.o(.data)
    baro_height                              0x2000068c   Data           4  height_ctrl.o(.data)
    baro_height_old                          0x20000690   Data           4  height_ctrl.o(.data)
    ultra_sp_test                            0x20000694   Data           8  height_ctrl.o(.data)
    RC_THR_HIGH                              0x2000069c   Data           4  height_ctrl.o(.data)
    Pitch_Follow_Dead                        0x200006a0   Data           2  height_ctrl.o(.data)
    exp_height1                              0x200006a2   Data           2  height_ctrl.o(.data)
    exp_height_head                          0x200006a4   Data           4  height_ctrl.o(.data)
    exp_height_head_scan                     0x200006a8   Data           4  height_ctrl.o(.data)
    exp_height_head_shoot                    0x200006ac   Data           4  height_ctrl.o(.data)
    exp_height_head_check                    0x200006b0   Data           4  height_ctrl.o(.data)
    dj_angle                                 0x200006ec   Data           4  att_control.o(.data)
    dj_angle_offset                          0x200006f0   Data          12  att_control.o(.data)
    dj_angle_set                             0x200006fc   Data           4  att_control.o(.data)
    nav                                      0x20000700   Data           8  att_control.o(.data)
    GPS_angle                                0x20000708   Data           8  att_control.o(.data)
    target_position                          0x20000710   Data           8  att_control.o(.data)
    target_position_task_s                   0x20000718   Data           8  att_control.o(.data)
    target_position_task_e                   0x20000720   Data           8  att_control.o(.data)
    target_position_task_b                   0x20000728   Data           8  att_control.o(.data)
    now_position                             0x20000730   Data           8  att_control.o(.data)
    actual_speed                             0x20000738   Data           8  att_control.o(.data)
    tar_speed                                0x20000740   Data           8  att_control.o(.data)
    tar_speed_avoidc                         0x20000748   Data           8  att_control.o(.data)
    d_flow_watch                             0x20000750   Data           8  att_control.o(.data)
    integrator                               0x20000758   Data           8  att_control.o(.data)
    flow_control_out                         0x20000760   Data           4  att_control.o(.data)
    flow_k                                   0x20000764   Data           4  att_control.o(.data)
    YAW_NO_HEAD                              0x20000768   Data           4  att_control.o(.data)
    except_A_SB                              0x2000076c   Data           8  att_control.o(.data)
    except_A_SB_lft                          0x20000774   Data           8  att_control.o(.data)
    nav_angle                                0x2000077c   Data           8  att_control.o(.data)
    scale_lf_sb                              0x20000784   Data           4  att_control.o(.data)
    scale_lf_nav                             0x20000788   Data           4  att_control.o(.data)
    px_v                                     0x2000078c   Data           4  att_control.o(.data)
    ix_v                                     0x20000790   Data           4  att_control.o(.data)
    yaw_ctrl_out                             0x20000794   Data           4  att_control.o(.data)
    Yaw_set_dji                              0x20000798   Data           4  att_control.o(.data)
    baro_to_ground                           0x2000079c   Data           4  att_control.o(.data)
    baro_ground_off                          0x200007a0   Data           4  att_control.o(.data)
    thr_value                                0x200007a4   Data           4  att_control.o(.data)
    Thr_Low                                  0x200007a8   Data           1  att_control.o(.data)
    force_Thr_low                            0x200007a9   Data           1  att_control.o(.data)
    Thr_Weight                               0x200007ac   Data           4  att_control.o(.data)
    thr_test                                 0x200007b0   Data           4  att_control.o(.data)
    init_circle_search                       0x200007b4   Data           1  att_control.o(.data)
    nav_land_miss                            0x200007b8   Data           8  att_control.o(.data)
    Rate_Max_num                             0x200007c0   Data           1  att_control.o(.data)
    mode_change                              0x200007c1   Data           1  att_control.o(.data)
    state_pass                               0x200007c2   Data           1  att_control.o(.data)
    AUTO_UP_CUARVE                           0x200007c4   Data          18  att_control.o(.data)
    AUTO_DOWN_CUARVE                         0x200007d6   Data          12  att_control.o(.data)
    AUTO_DOWN_CUARVE1                        0x200007e2   Data          12  att_control.o(.data)
    SONAR_SET_HIGHT                          0x200007f0   Data           4  att_control.o(.data)
    AUTO_FLY_HEIGHT                          0x200007f4   Data           4  att_control.o(.data)
    SONAR_CHECK_DEAD                         0x200007f8   Data           4  att_control.o(.data)
    AUTO_LAND_HEIGHT_1                       0x200007fc   Data           4  att_control.o(.data)
    AUTO_LAND_HEIGHT_2                       0x20000800   Data           4  att_control.o(.data)
    AUTO_LAND_HEIGHT_3                       0x20000804   Data           4  att_control.o(.data)
    MINE_LAND_HIGH                           0x20000808   Data           4  att_control.o(.data)
    AUTO_LAND_SPEED_DEAD                     0x2000080c   Data           4  att_control.o(.data)
    state_v                                  0x20000810   Data           1  att_control.o(.data)
    baro_ground_high                         0x20000814   Data           4  att_control.o(.data)
    nav_land                                 0x20000818   Data           8  att_control.o(.data)
    AVOID                                    0x20000820   Data           8  att_control.o(.data)
    cnt_shoot                                0x20000828   Data           1  att_control.o(.data)
    force_check                              0x20000829   Data           1  att_control.o(.data)
    force_check_pass                         0x2000082a   Data           1  att_control.o(.data)
    tar_need_to_check_odroid                 0x2000082b   Data           3  att_control.o(.data)
    tar_cnt                                  0x2000082e   Data           1  att_control.o(.data)
    over_time                                0x2000082f   Data           1  att_control.o(.data)
    time_fly                                 0x20000830   Data           4  att_control.o(.data)
    m100_gps_in                              0x20000834   Data           1  att_control.o(.data)
    nav_circle                               0x20000898   Data           8  circle.o(.data)
    nav_circle_last                          0x200008a0   Data           8  circle.o(.data)
    circle_check                             0x200008a8   Data           4  circle.o(.data)
    circle_lfp                               0x200008ac   Data           4  circle.o(.data)
    circle_use                               0x200008b0   Data           8  circle.o(.data)
    nav_gps                                  0x200008b8   Data           8  circle.o(.data)
    lon                                      0x200008c0   Data           8  circle.o(.data)
    lat                                      0x200008c8   Data           8  circle.o(.data)
    flt_gps                                  0x200008d0   Data           4  circle.o(.data)
    MAX_GPS                                  0x200008d4   Data           2  circle.o(.data)
    gps_target_change                        0x200008d6   Data           1  circle.o(.data)
    home_point                               0x200008d8   Data          16  circle.o(.data)
    check_way_point                          0x200008e8   Data          16  circle.o(.data)
    way_point                                0x200008f8   Data          32  circle.o(.data)
    tar_point_globle                         0x20000918   Data          16  circle.o(.data)
    tar_point_globler                        0x20000928   Data          16  circle.o(.data)
    state_set_point                          0x20000938   Data           1  circle.o(.data)
    set_point1                               0x20000939   Data           1  circle.o(.data)
    K_ESO_D                                  0x20000968   Data           4  eso.o(.data)
    eso_b0_h_init                            0x2000096c   Data           4  eso.o(.data)
    fast_atan_table                          0x20000994   Data        1028  my_math.o(.data)
    res                                      0x20000d98   Data           1  sd.o(.data)
    path0                                    0x20000d99   Data         512  sd.o(.data)
    textFileBuffer                           0x20000f99   Data           7  sd.o(.data)
    textFileBuffer2                          0x20000fa0   Data           7  sd.o(.data)
    lastUpdater                              0x20000fa8   Data           4  sd.o(.data)
    nowr                                     0x20000fac   Data           4  sd.o(.data)
    nrf_right                                0x20000fb0   Data           1  sd.o(.data)
    init_sd_write                            0x20000fb1   Data           1  sd.o(.data)
    sdcard_force_out                         0x20000fb2   Data           1  sd.o(.data)
    sd_had_init                              0x20000fb3   Data           1  sd.o(.data)
    t_sd_save                                0x20000fb4   Data           4  sd.o(.data)
    mallco_dev                               0x20000fc8   Data          36  malloc.o(.data)
    TransferError                            0x20000ffa   Data           1  sdio.o(.data)
    TransferEnd                              0x20000ffb   Data           1  sdio.o(.data)
    tempbuff                                 0x20000ffc   Data           4  sdio.o(.data)
    file                                     0x20001000   Data           4  exfuns.o(.data)
    ftemp                                    0x20001004   Data           4  exfuns.o(.data)
    br                                       0x20001008   Data           4  exfuns.o(.data)
    bw                                       0x2000100c   Data           4  exfuns.o(.data)
    fatbuf                                   0x20001010   Data           4  exfuns.o(.data)
    q_nav                                    0x20001014   Data          16  ucos_task.o(.bss)
    Rc_Pwm_Inr_mine                          0x20001024   Data          32  ucos_task.o(.bss)
    Rc_Pwm_In_mine                           0x20001044   Data          32  ucos_task.o(.bss)
    Rc_Pwm_Out_mine                          0x20001064   Data          32  ucos_task.o(.bss)
    pwmin                                    0x20001084   Data          24  ucos_task.o(.bss)
    MEMS_TASK_STK                            0x2000109c   Data         512  ucos_task.o(.bss)
    INNER_TASK_STK                           0x2000129c   Data         768  ucos_task.o(.bss)
    Rc_Pwm_In                                0x2000159c   Data          16  ucos_task.o(.bss)
    set_angle_dj                             0x200015ac   Data          12  ucos_task.o(.bss)
    kd_dj                                    0x200015b8   Data          12  ucos_task.o(.bss)
    OUTER_TASK_STK                           0x200015c4   Data         768  ucos_task.o(.bss)
    NRF_TASK_STK                             0x200018c4   Data         768  ucos_task.o(.bss)
    BARO_TASK_STK                            0x20001bc4   Data         768  ucos_task.o(.bss)
    SONAR_TASK_STK                           0x20001ec4   Data        2560  ucos_task.o(.bss)
    FLOW_TASK_STK                            0x200028c4   Data         768  ucos_task.o(.bss)
    acc_v                                    0x20002bc4   Data          12  ucos_task.o(.bss)
    acc_speed_arr                            0x20002bd0   Data         104  ucos_task.o(.bss)
    M100_TASK_STK                            0x20002c38   Data         768  ucos_task.o(.bss)
    UART_TASK_STK                            0x20002f38   Data         768  ucos_task.o(.bss)
    START_TASK_STK                           0x20003244   Data         256  main.o(.bss)
    MsgGrp                                   0x20003344   Data        1024  main.o(.bss)
    OSEventTbl                               0x20003744   Data         200  os_core.o(.bss)
    OSFlagTbl                                0x2000380c   Data          80  os_core.o(.bss)
    OSTaskStatStk                            0x2000385c   Data         512  os_core.o(.bss)
    OSTaskIdleStk                            0x20003a5c   Data         512  os_core.o(.bss)
    OSTCBPrioTbl                             0x20003c5c   Data         256  os_core.o(.bss)
    OSTCBTbl                                 0x20003d5c   Data        1848  os_core.o(.bss)
    OSQTbl                                   0x20004494   Data         120  os_core.o(.bss)
    OSTmrTbl                                 0x2000450c   Data         640  os_core.o(.bss)
    OSTmrTaskStk                             0x2000478c   Data         512  os_core.o(.bss)
    OSTmrWheelTbl                            0x2000498c   Data          64  os_core.o(.bss)
    FLASH_Buffer                             0x200049cc   Data         240  flash.o(.bss)
    FLASH_READ_BUF                           0x20004abc   Data         120  flash.o(.bss)
    Cycle_T                                  0x20004bf4   Data         180  time.o(.bss)
    TIM3_ICInitStructure                     0x20004ca8   Data          10  time.o(.bss)
    ppm_rx                                   0x20004cb2   Data          20  time.o(.bss)
    NRF24L01_RXDATA                          0x20004cc6   Data          32  nrf.o(.bss)
    NRF24L01_TXDATA                          0x20004ce6   Data          32  nrf.o(.bss)
    NRF24L01_RXDATA_REG                      0x20004d08   Data          32  rc_mine.o(.bss)
    key_rc_reg                               0x20004d28   Data         105  rc_mine.o(.bss)
    RC_GET                                   0x20004d94   Data          64  rc_mine.o(.bss)
    ypr_sb                                   0x20004dd4   Data          12  rc_mine.o(.bss)
    RX_CH                                    0x20004de0   Data          16  rc.o(.bss)
    RX_CH_FIX                                0x20004df0   Data          16  rc.o(.bss)
    CH                                       0x20004e00   Data          16  rc.o(.bss)
    CH_Old                                   0x20004e10   Data          32  rc.o(.bss)
    CH_filter                                0x20004e30   Data          32  rc.o(.bss)
    CH_filter_Old                            0x20004e50   Data          32  rc.o(.bss)
    CH_filter_D                              0x20004e70   Data          32  rc.o(.bss)
    CLR_CH_Error                             0x20004e90   Data          16  rc.o(.bss)
    SendBuff1                                0x20004eb0   Data         128  usart_fc.o(.bss)
    SendBuff4                                0x20004f30   Data          64  usart_fc.o(.bss)
    color                                    0x20004f70   Data          20  usart_fc.o(.bss)
    HPID                                     0x20004f84   Data          18  usart_fc.o(.bss)
    SPID                                     0x20004f96   Data          18  usart_fc.o(.bss)
    FIX_PID                                  0x20004fa8   Data          18  usart_fc.o(.bss)
    NAV_PID                                  0x20004fba   Data          18  usart_fc.o(.bss)
    pid                                      0x20004fcc   Data         224  usart_fc.o(.bss)
    Rc_Get                                   0x200050ac   Data          26  usart_fc.o(.bss)
    Rc_Get_PPM                               0x200050c6   Data          26  usart_fc.o(.bss)
    Rc_Get_SBUS                              0x200050e0   Data          26  usart_fc.o(.bss)
    plane                                    0x200050fc   Data         116  usart_fc.o(.bss)
    slam                                     0x20005170   Data          20  usart_fc.o(.bss)
    imu_nav                                  0x20005184   Data         124  usart_fc.o(.bss)
    mode                                     0x20005200   Data          74  usart_fc.o(.bss)
    TxBuffer                                 0x2000524a   Data         256  usart_fc.o(.bss)
    Rx_Buf                                   0x2000534a   Data         256  usart_fc.o(.bss)
    RxBuffer                                 0x2000544a   Data          50  usart_fc.o(.bss)
    gpsx                                     0x2000547c   Data         126  usart_fc.o(.bss)
    gps_data                                 0x200054fa   Data         126  usart_fc.o(.bss)
    buf_imu_dj                               0x20005578   Data          20  usart_fc.o(.bss)
    angle_imu_dj                             0x2000558c   Data          12  usart_fc.o(.bss)
    mark                                     0x20005598   Data         160  usart_fc.o(.bss)
    sd_save                                  0x20005638   Data         400  usart_fc.o(.bss)
    flow_matlab_data                         0x200057c8   Data          16  usart_fc.o(.bss)
    baro_matlab_data                         0x200057d8   Data          16  usart_fc.o(.bss)
    qr_matlab_data                           0x200057e8   Data          16  usart_fc.o(.bss)
    qr_matlab_data_att                       0x200057f8   Data          12  usart_fc.o(.bss)
    fly_controller                           0x20005804   Data         584  usart_fc.o(.bss)
    fly_controller_r                         0x20005a4c   Data         584  usart_fc.o(.bss)
    BLE_DEBUG                                0x20005c94   Data          32  usart_fc.o(.bss)
    TxBuffer4                                0x20005cb4   Data         256  usart_fc.o(.bss)
    Rx_Buf4                                  0x20005db4   Data         256  usart_fc.o(.bss)
    RxBuffer4                                0x20005eb4   Data          50  usart_fc.o(.bss)
    sbus_data_i_check                        0x20005ee6   Data          50  usart_fc.o(.bss)
    referencv_vr                             0x20005f24   Data          12  height_ctrl.o(.bss)
    wz_speed_pid_v                           0x20005f30   Data          24  height_ctrl.o(.bss)
    wz_speed_pid_v_safe                      0x20005f48   Data          24  height_ctrl.o(.bss)
    wz_speed_pid_v_eso                       0x20005f60   Data          24  height_ctrl.o(.bss)
    ultra_ctrl                               0x20005f78   Data          24  height_ctrl.o(.bss)
    ultra_ctrl_safe                          0x20005f90   Data          24  height_ctrl.o(.bss)
    ultra_ctrl_head                          0x20005fa8   Data          24  height_ctrl.o(.bss)
    wz_speed_pid                             0x20005fc0   Data          12  height_ctrl.o(.bss)
    wz_speed_pid_safe                        0x20005fcc   Data          12  height_ctrl.o(.bss)
    ultra_pid_safe                           0x20005fd8   Data          12  height_ctrl.o(.bss)
    ultra_pid                                0x20005fe4   Data          12  height_ctrl.o(.bss)
    ultra_pid_head                           0x20005ff0   Data          12  height_ctrl.o(.bss)
    baro_speed_arr                           0x20005ffc   Data          44  height_ctrl.o(.bss)
    ctrl_1                                   0x20006028   Data         196  att_control.o(.bss)
    ctrl_2                                   0x200060ec   Data         196  att_control.o(.bss)
    ctrl_2_fuzzy                             0x200061b0   Data         196  att_control.o(.bss)
    except_A                                 0x20006274   Data          12  att_control.o(.bss)
    except_AR                                0x20006280   Data          12  att_control.o(.bss)
    ctrl_angle_offset                        0x2000628c   Data          12  att_control.o(.bss)
    compensation                             0x20006298   Data          12  att_control.o(.bss)
    except_AS                                0x200062a4   Data          12  att_control.o(.bss)
    g_old                                    0x200062b0   Data          28  att_control.o(.bss)
    cnt                                      0x200062cc   Data          40  att_control.o(.bss)
    tar_buf                                  0x200062f4   Data          20  att_control.o(.bss)
    motor                                    0x20006308   Data          16  att_control.o(.bss)
    posture_value                            0x20006318   Data          16  att_control.o(.bss)
    curve                                    0x20006328   Data          16  att_control.o(.bss)
    circle                                   0x20006378   Data          56  circle.o(.bss)
    track                                    0x200063b0   Data          56  circle.o(.bss)
    mouse                                    0x200063e8   Data          56  circle.o(.bss)
    m100                                     0x20006420   Data          60  circle.o(.bss)
    navUkfData                               0x20006460   Data        1112  circle.o(.bss)
    nav_Data                                 0x200068b8   Data          24  circle.o(.bss)
    gps_ctrl                                 0x200068d0   Data          48  circle.o(.bss)
    gps_pid                                  0x20006900   Data          12  circle.o(.bss)
    tar_pos_gps                              0x20006910   Data          16  circle.o(.bss)
    tar_now_gps                              0x20006920   Data          16  circle.o(.bss)
    eso_att_outter                           0x20006930   Data         480  eso.o(.bss)
    eso_att_inner                            0x20006b10   Data         480  eso.o(.bss)
    eso_att_outter_c                         0x20006cf0   Data         480  eso.o(.bss)
    eso_att_inner_c                          0x20006ed0   Data         480  eso.o(.bss)
    med_filter_tmp                           0x200070b0   Data        2400  fliter.o(.bss)
    med_filter_out                           0x20007a10   Data         120  fliter.o(.bss)
    med_fil_cnt                              0x20007a88   Data          30  fliter.o(.bss)
    sd                                       0x20007aa8   Data          12  sd.o(.bss)
    fsrc                                     0x20007ab4   Data         552  sd.o(.bss)
    fdst                                     0x20007cdc   Data         552  sd.o(.bss)
    buffer                                   0x20007f04   Data        1000  sd.o(.bss)
    data_conv_test                           0x200082ec   Data          20  sd.o(.bss)
    BUF_TIME                                 0x20008300   Data          14  sd.o(.bss)
    mem1base                                 0x20008340   Data       51200  malloc.o(.bss)
    mem1mapbase                              0x20014b40   Data        3200  malloc.o(.bss)
    SDIO_InitStructure                       0x200157d0   Data          24  sdio.o(.bss)
    SDIO_CmdInitStructure                    0x200157e8   Data          20  sdio.o(.bss)
    SDIO_DataInitStructure                   0x200157fc   Data          24  sdio.o(.bss)
    SDCardInfo                               0x20015838   Data          88  sdio.o(.bss)
    SDIO_DATA_BUFFER                         0x20015890   Data         512  sdio.o(.bss)
    fs                                       0x20015a90   Data          12  exfuns.o(.bss)
    fileinfo                                 0x20015a9c   Data          32  exfuns.o(.bss)
    dir                                      0x20015abc   Data          36  exfuns.o(.bss)
    __libspace_start                         0x20015ae0   Data          96  libspace.o(.bss)
    __temporary_stack_top$libspace           0x20015b40   Data           0  libspace.o(.bss)
    mem2base                                 0x68000000   Data       983040  malloc.o(.ARM.__AT_0x68000000)
    mem2mapbase                              0x680f0000   Data       61440  malloc.o(.ARM.__AT_0x680F0000)



==============================================================================

Memory Map of the image

  Image Entry point : 0x08000189

  Load Region LR_IROM1 (Base: 0x08000000, Size: 0x0004fde0, Max: 0x00100000, ABSOLUTE, COMPRESSED[0x0004f4ac])

    Execution Region ER_IROM1 (Base: 0x08000000, Size: 0x0004edcc, Max: 0x00100000, ABSOLUTE)

    Base Addr    Size         Type   Attr      Idx    E Section Name        Object

    0x08000000   0x00000188   Data   RO          462    RESET               startup_stm32f40_41xxx.o
    0x08000188   0x00000008   Code   RO         1784  * !!!main             c_w.l(__main.o)
    0x08000190   0x00000034   Code   RO         2119    !!!scatter          c_w.l(__scatter.o)
    0x080001c4   0x0000005a   Code   RO         2117    !!dczerorl2         c_w.l(__dczerorl2.o)
    0x0800021e   0x00000002   PAD
    0x08000220   0x0000001c   Code   RO         2121    !!handler_zi        c_w.l(__scatter_zi.o)
    0x0800023c   0x00000000   Code   RO         1767    .ARM.Collect$$_printf_percent$$00000000  c_w.l(_printf_percent.o)
    0x0800023c   0x00000006   Code   RO         1766    .ARM.Collect$$_printf_percent$$00000009  c_w.l(_printf_d.o)
    0x08000242   0x00000004   Code   RO         1891    .ARM.Collect$$_printf_percent$$00000017  c_w.l(_printf_percent_end.o)
    0x08000246   0x00000002   Code   RO         1982    .ARM.Collect$$libinit$$00000000  c_w.l(libinit.o)
    0x08000248   0x00000004   Code   RO         1991    .ARM.Collect$$libinit$$00000001  c_w.l(libinit2.o)
    0x0800024c   0x00000000   Code   RO         1994    .ARM.Collect$$libinit$$00000004  c_w.l(libinit2.o)
    0x0800024c   0x00000000   Code   RO         1997    .ARM.Collect$$libinit$$0000000A  c_w.l(libinit2.o)
    0x0800024c   0x00000000   Code   RO         1999    .ARM.Collect$$libinit$$0000000C  c_w.l(libinit2.o)
    0x0800024c   0x00000000   Code   RO         2001    .ARM.Collect$$libinit$$0000000E  c_w.l(libinit2.o)
    0x0800024c   0x00000000   Code   RO         2004    .ARM.Collect$$libinit$$00000011  c_w.l(libinit2.o)
    0x0800024c   0x00000000   Code   RO         2006    .ARM.Collect$$libinit$$00000013  c_w.l(libinit2.o)
    0x0800024c   0x00000000   Code   RO         2008    .ARM.Collect$$libinit$$00000015  c_w.l(libinit2.o)
    0x0800024c   0x00000000   Code   RO         2010    .ARM.Collect$$libinit$$00000017  c_w.l(libinit2.o)
    0x0800024c   0x00000000   Code   RO         2012    .ARM.Collect$$libinit$$00000019  c_w.l(libinit2.o)
    0x0800024c   0x00000000   Code   RO         2014    .ARM.Collect$$libinit$$0000001B  c_w.l(libinit2.o)
    0x0800024c   0x00000000   Code   RO         2016    .ARM.Collect$$libinit$$0000001D  c_w.l(libinit2.o)
    0x0800024c   0x00000000   Code   RO         2018    .ARM.Collect$$libinit$$0000001F  c_w.l(libinit2.o)
    0x0800024c   0x00000000   Code   RO         2020    .ARM.Collect$$libinit$$00000021  c_w.l(libinit2.o)
    0x0800024c   0x00000000   Code   RO         2022    .ARM.Collect$$libinit$$00000023  c_w.l(libinit2.o)
    0x0800024c   0x00000000   Code   RO         2024    .ARM.Collect$$libinit$$00000025  c_w.l(libinit2.o)
    0x0800024c   0x00000000   Code   RO         2028    .ARM.Collect$$libinit$$0000002C  c_w.l(libinit2.o)
    0x0800024c   0x00000000   Code   RO         2030    .ARM.Collect$$libinit$$0000002E  c_w.l(libinit2.o)
    0x0800024c   0x00000000   Code   RO         2032    .ARM.Collect$$libinit$$00000030  c_w.l(libinit2.o)
    0x0800024c   0x00000000   Code   RO         2034    .ARM.Collect$$libinit$$00000032  c_w.l(libinit2.o)
    0x0800024c   0x00000002   Code   RO         2035    .ARM.Collect$$libinit$$00000033  c_w.l(libinit2.o)
    0x0800024e   0x00000002   Code   RO         2067    .ARM.Collect$$libshutdown$$00000000  c_w.l(libshutdown.o)
    0x08000250   0x00000000   Code   RO         2084    .ARM.Collect$$libshutdown$$00000002  c_w.l(libshutdown2.o)
    0x08000250   0x00000000   Code   RO         2086    .ARM.Collect$$libshutdown$$00000004  c_w.l(libshutdown2.o)
    0x08000250   0x00000000   Code   RO         2089    .ARM.Collect$$libshutdown$$00000007  c_w.l(libshutdown2.o)
    0x08000250   0x00000000   Code   RO         2092    .ARM.Collect$$libshutdown$$0000000A  c_w.l(libshutdown2.o)
    0x08000250   0x00000000   Code   RO         2094    .ARM.Collect$$libshutdown$$0000000C  c_w.l(libshutdown2.o)
    0x08000250   0x00000000   Code   RO         2097    .ARM.Collect$$libshutdown$$0000000F  c_w.l(libshutdown2.o)
    0x08000250   0x00000002   Code   RO         2098    .ARM.Collect$$libshutdown$$00000010  c_w.l(libshutdown2.o)
    0x08000252   0x00000000   Code   RO         1880    .ARM.Collect$$rtentry$$00000000  c_w.l(__rtentry.o)
    0x08000252   0x00000000   Code   RO         1941    .ARM.Collect$$rtentry$$00000002  c_w.l(__rtentry2.o)
    0x08000252   0x00000006   Code   RO         1953    .ARM.Collect$$rtentry$$00000004  c_w.l(__rtentry4.o)
    0x08000258   0x00000000   Code   RO         1943    .ARM.Collect$$rtentry$$00000009  c_w.l(__rtentry2.o)
    0x08000258   0x00000004   Code   RO         1944    .ARM.Collect$$rtentry$$0000000A  c_w.l(__rtentry2.o)
    0x0800025c   0x00000000   Code   RO         1946    .ARM.Collect$$rtentry$$0000000C  c_w.l(__rtentry2.o)
    0x0800025c   0x00000008   Code   RO         1947    .ARM.Collect$$rtentry$$0000000D  c_w.l(__rtentry2.o)
    0x08000264   0x00000002   Code   RO         1985    .ARM.Collect$$rtexit$$00000000  c_w.l(rtexit.o)
    0x08000266   0x00000000   Code   RO         2039    .ARM.Collect$$rtexit$$00000002  c_w.l(rtexit2.o)
    0x08000266   0x00000004   Code   RO         2040    .ARM.Collect$$rtexit$$00000003  c_w.l(rtexit2.o)
    0x0800026a   0x00000006   Code   RO         2041    .ARM.Collect$$rtexit$$00000004  c_w.l(rtexit2.o)
    0x08000270   0x00000010   Code   RO          491    .emb_text           sys.o
    0x08000280   0x000020dc   Code   RO            3    .text               ucos_task.o
    0x0800235c   0x00000384   Code   RO          335    .text               main.o
    0x080026e0   0x00000016   Code   RO          387    .text               stm32f4xx_it.o
    0x080026f6   0x00000002   PAD
    0x080026f8   0x00000210   Code   RO          436    .text               system_stm32f4xx.o
    0x08002908   0x00000040   Code   RO          463    .text               startup_stm32f40_41xxx.o
    0x08002948   0x00000108   Code   RO          469    .text               delay.o
    0x08002a50   0x000000e0   Code   RO          509    .text               misc.o
    0x08002b30   0x00000294   Code   RO          529    .text               stm32f4xx_gpio.o
    0x08002dc4   0x0000065c   Code   RO          572    .text               stm32f4xx_rcc.o
    0x08003420   0x00000454   Code   RO          614    .text               stm32f4xx_usart.o
    0x08003874   0x00000ca2   Code   RO          634    .text               stm32f4xx_tim.o
    0x08004516   0x00000002   PAD
    0x08004518   0x00000694   Code   RO          654    .text               stm32f4xx_flash.o
    0x08004bac   0x00000480   Code   RO          694    .text               stm32f4xx_spi.o
    0x0800502c   0x000003a8   Code   RO          714    .text               stm32f4xx_dma.o
    0x080053d4   0x000001dc   Code   RO          734    .text               stm32f4xx_sdio.o
    0x080055b0   0x00000894   Code   RO          754    .text               os_core.o
    0x08005e44   0x0000080c   Code   RO          782    .text               os_flag.o
    0x08006650   0x000003cc   Code   RO          802    .text               os_mbox.o
    0x08006a1c   0x000005e8   Code   RO          856    .text               os_q.o
    0x08007004   0x0000038c   Code   RO          876    .text               os_sem.o
    0x08007390   0x000007c4   Code   RO          896    .text               os_task.o
    0x08007b54   0x000001b0   Code   RO          916    .text               os_time.o
    0x08007d04   0x00000634   Code   RO          936    .text               os_tmr.o
    0x08008338   0x000000c8   Code   RO          954    .text               os_cpu_a.o
    0x08008400   0x000001e8   Code   RO          959    .text               os_cpu_c.o
    0x080085e8   0x00000988   Code   RO          989    .text               flash.o
    0x08008f70   0x000004d0   Code   RO         1020    .text               led_fc.o
    0x08009440   0x00000298   Code   RO         1047    .text               parameter.o
    0x080096d8   0x00000164   Code   RO         1071    .text               spi_nrf.o
    0x0800983c   0x000004d8   Code   RO         1091    .text               time.o
    0x08009d14   0x000000e8   Code   RO         1122    .text               dma.o
    0x08009dfc   0x0000029c   Code   RO         1142    .text               nrf.o
    0x0800a098   0x00001818   Code   RO         1169    .text               rc_mine.o
    0x0800b8b0   0x00000610   Code   RO         1205    .text               rc.o
    0x0800bec0   0x00002d7c   Code   RO         1235    .text               usart_fc.o
    0x0800ec3c   0x00000584   Code   RO         1283    .text               m100.o
    0x0800f1c0   0x00000260   Code   RO         1310    .text               sbus.o
    0x0800f420   0x0000163c   Code   RO         1336    .text               height_ctrl.o
    0x08010a5c   0x000076fc   Code   RO         1372    .text               att_control.o
    0x08018158   0x000012e4   Code   RO         1411    .text               circle.o
    0x0801943c   0x00001534   Code   RO         1452    .text               eso.o
    0x0801a970   0x000004ca   Code   RO         1479    .text               fliter.o
    0x0801ae3a   0x00000002   PAD
    0x0801ae3c   0x000005b4   Code   RO         1503    .text               my_math.o
    0x0801b3f0   0x000006dc   Code   RO         1526    .text               sd.o
    0x0801bacc   0x0000022c   Code   RO         1559    .text               malloc.o
    0x0801bcf8   0x0000329a   Code   RO         1589    .text               ff.o
    0x0801ef92   0x00000002   PAD
    0x0801ef94   0x00000164   Code   RO         1616    .text               diskio.o
    0x0801f0f8   0x000000b4   Code   RO         1637    .text               cc936.o
    0x0801f1ac   0x00001d6c   Code   RO         1662    .text               sdio.o
    0x08020f18   0x00000198   Code   RO         1700    .text               exfuns.o
    0x080210b0   0x00000048   Code   RO         1736    .text               c_w.l(llsdiv.o)
    0x080210f8   0x00000028   Code   RO         1740    .text               c_w.l(noretval__2sprintf.o)
    0x08021120   0x00000068   Code   RO         1742    .text               c_w.l(__printf.o)
    0x08021188   0x00000078   Code   RO         1744    .text               c_w.l(_printf_dec.o)
    0x08021200   0x00000048   Code   RO         1768    .text               c_w.l(strcpy.o)
    0x08021248   0x0000003e   Code   RO         1770    .text               c_w.l(strlen.o)
    0x08021286   0x00000018   Code   RO         1772    .text               c_w.l(strcat.o)
    0x0802129e   0x0000008a   Code   RO         1774    .text               c_w.l(rt_memcpy_v6.o)
    0x08021328   0x00000064   Code   RO         1776    .text               c_w.l(rt_memcpy_w.o)
    0x0802138c   0x0000004e   Code   RO         1778    .text               c_w.l(rt_memclr_w.o)
    0x080213da   0x00000002   PAD
    0x080213dc   0x00000080   Code   RO         1780    .text               c_w.l(strcmpv7m.o)
    0x0802145c   0x00000006   Code   RO         1782    .text               c_w.l(heapauxi.o)
    0x08021462   0x000000ee   Code   RO         1881    .text               c_w.l(lludivv7m.o)
    0x08021550   0x00000016   Code   RO         1883    .text               c_w.l(_rserrno.o)
    0x08021566   0x000000b2   Code   RO         1885    .text               c_w.l(_printf_intcommon.o)
    0x08021618   0x00000030   Code   RO         1887    .text               c_w.l(_printf_char_common.o)
    0x08021648   0x0000000a   Code   RO         1889    .text               c_w.l(_sputc.o)
    0x08021652   0x00000002   PAD
    0x08021654   0x00000008   Code   RO         1962    .text               c_w.l(rt_errno_addr_intlibspace.o)
    0x0802165c   0x00000008   Code   RO         1968    .text               c_w.l(libspace.o)
    0x08021664   0x0000004a   Code   RO         1971    .text               c_w.l(sys_stackheap_outer.o)
    0x080216ae   0x00000012   Code   RO         1975    .text               c_w.l(exit.o)
    0x080216c0   0x0000000c   Code   RO         2055    .text               c_w.l(sys_exit.o)
    0x080216cc   0x00000002   Code   RO         2072    .text               c_w.l(use_no_semi.o)
    0x080216ce   0x00000000   Code   RO         2074    .text               c_w.l(indicate_semi.o)
    0x080216ce   0x00000030   Code   RO         1924    i.__ARM_fpclassify  m_wm.l(fpclassify.o)
    0x080216fe   0x00000002   PAD
    0x08021700   0x000000c8   Code   RO         1824    i.__hardfp_cos      m_wm.l(cos.o)
    0x080217c8   0x00000014   Code   RO         1836    i.__hardfp_fabs     m_wm.l(fabs.o)
    0x080217dc   0x00000004   PAD
    0x080217e0   0x00000c50   Code   RO         1842    i.__hardfp_pow      m_wm.l(pow.o)
    0x08022430   0x000000c8   Code   RO         1856    i.__hardfp_sin      m_wm.l(sin.o)
    0x080224f8   0x0000007a   Code   RO         1868    i.__hardfp_sqrt     m_wm.l(sqrt.o)
    0x08022572   0x00000006   PAD
    0x08022578   0x00000438   Code   RO         1929    i.__ieee754_rem_pio2  m_wm.l(rred.o)
    0x080229b0   0x00000170   Code   RO         1907    i.__kernel_cos      m_wm.l(cos_i.o)
    0x08022b20   0x000000f8   Code   RO         1926    i.__kernel_poly     m_wm.l(poly.o)
    0x08022c18   0x00000130   Code   RO         1934    i.__kernel_sin      m_wm.l(sin_i.o)
    0x08022d48   0x00000030   Code   RO         1910    i.__mathlib_dbl_divzero  m_wm.l(dunder.o)
    0x08022d78   0x00000014   Code   RO         1911    i.__mathlib_dbl_infnan  m_wm.l(dunder.o)
    0x08022d8c   0x00000014   Code   RO         1912    i.__mathlib_dbl_infnan2  m_wm.l(dunder.o)
    0x08022da0   0x00000020   Code   RO         1913    i.__mathlib_dbl_invalid  m_wm.l(dunder.o)
    0x08022dc0   0x00000020   Code   RO         1914    i.__mathlib_dbl_overflow  m_wm.l(dunder.o)
    0x08022de0   0x00000020   Code   RO         1916    i.__mathlib_dbl_underflow  m_wm.l(dunder.o)
    0x08022e00   0x00000018   Code   RO         1838    i.fabs              m_wm.l(fabs.o)
    0x08022e18   0x0000006e   Code   RO         1870    i.sqrt              m_wm.l(sqrt.o)
    0x08022e86   0x00000018   Code   RO         1786    x$fpl$basic         fz_wm.l(basic.o)
    0x08022e9e   0x00000002   PAD
    0x08022ea0   0x00000062   Code   RO         1788    x$fpl$d2f           fz_wm.l(d2f.o)
    0x08022f02   0x00000002   PAD
    0x08022f04   0x00000150   Code   RO         1790    x$fpl$dadd          fz_wm.l(daddsub_clz.o)
    0x08023054   0x00000010   Code   RO         1966    x$fpl$dcheck1       fz_wm.l(dcheck1.o)
    0x08023064   0x00000018   Code   RO         1892    x$fpl$dcmpinf       fz_wm.l(dcmpi.o)
    0x0802307c   0x000002b0   Code   RO         1797    x$fpl$ddiv          fz_wm.l(ddiv.o)
    0x0802332c   0x00000078   Code   RO         1800    x$fpl$deqf          fz_wm.l(deqf.o)
    0x080233a4   0x0000005e   Code   RO         1802    x$fpl$dfix          fz_wm.l(dfix.o)
    0x08023402   0x00000002   PAD
    0x08023404   0x0000005a   Code   RO         1806    x$fpl$dfixu         fz_wm.l(dfixu.o)
    0x0802345e   0x0000002e   Code   RO         1811    x$fpl$dflt          fz_wm.l(dflt_clz.o)
    0x0802348c   0x00000026   Code   RO         1810    x$fpl$dfltu         fz_wm.l(dflt_clz.o)
    0x080234b2   0x00000002   PAD
    0x080234b4   0x00000078   Code   RO         1816    x$fpl$dleqf         fz_wm.l(dleqf.o)
    0x0802352c   0x00000154   Code   RO         1818    x$fpl$dmul          fz_wm.l(dmul.o)
    0x08023680   0x0000009c   Code   RO         1894    x$fpl$dnaninf       fz_wm.l(dnaninf.o)
    0x0802371c   0x0000000c   Code   RO         1896    x$fpl$dretinf       fz_wm.l(dretinf.o)
    0x08023728   0x0000006c   Code   RO         1820    x$fpl$drleqf        fz_wm.l(drleqf.o)
    0x08023794   0x00000016   Code   RO         1791    x$fpl$drsb          fz_wm.l(daddsub_clz.o)
    0x080237aa   0x00000002   PAD
    0x080237ac   0x00000198   Code   RO         1898    x$fpl$dsqrt         fz_wm.l(dsqrt_umaal.o)
    0x08023944   0x000001d4   Code   RO         1792    x$fpl$dsub          fz_wm.l(daddsub_clz.o)
    0x08023b18   0x00000056   Code   RO         1822    x$fpl$f2d           fz_wm.l(f2d.o)
    0x08023b6e   0x0000008c   Code   RO         1900    x$fpl$fnaninf       fz_wm.l(fnaninf.o)
    0x08023bfa   0x0000000a   Code   RO         2053    x$fpl$fpinit        fz_wm.l(fpinit.o)
    0x08023c04   0x0000000a   Code   RO         1902    x$fpl$fretinf       fz_wm.l(fretinf.o)
    0x08023c0e   0x00000064   Code   RO         1983    x$fpl$retnan        fz_wm.l(retnan.o)
    0x08023c72   0x0000005c   Code   RO         1904    x$fpl$scalbn        fz_wm.l(scalbn.o)
    0x08023cce   0x00000030   Code   RO         2036    x$fpl$trapveneer    fz_wm.l(trapv.o)
    0x08023cfe   0x00000000   Code   RO         1906    x$fpl$usenofp       fz_wm.l(usenofp.o)
    0x08023cfe   0x00000100   Data   RO          756    .constdata          os_core.o
    0x08023dfe   0x00000002   PAD
    0x08023e00   0x00000008   Data   RO         1413    .constdata          circle.o
    0x08023e08   0x00000014   Data   RO         1528    .constdata          sd.o
    0x08023e1c   0x00000024   Data   RO         1565    .constdata          malloc.o
    0x08023e40   0x0000003a   Data   RO         1591    .constdata          ff.o
    0x08023e7a   0x0002acc8   Data   RO         1638    .constdata          cc936.o
    0x0804eb42   0x00000002   PAD
    0x0804eb44   0x00000070   Data   RO         1702    .constdata          exfuns.o
    0x0804ebb4   0x00000004   PAD
    0x0804ebb8   0x00000088   Data   RO         1845    .constdata          m_wm.l(pow.o)
    0x0804ec40   0x00000030   Data   RO         1908    .constdata          m_wm.l(cos_i.o)
    0x0804ec70   0x00000008   Data   RO         1928    .constdata          m_wm.l(qnan.o)
    0x0804ec78   0x000000c8   Data   RO         1931    .constdata          m_wm.l(rred.o)
    0x0804ed40   0x00000028   Data   RO         1935    .constdata          m_wm.l(sin_i.o)
    0x0804ed68   0x00000044   Data   RO         1703    .conststring        exfuns.o
    0x0804edac   0x00000020   Data   RO         2115    Region$$Table       anon$$obj.o


    Execution Region RW_IRAM1 (Base: 0x20000000, Size: 0x00016140, Max: 0x00020000, ABSOLUTE, COMPRESSED[0x000006e0])

    Base Addr    Size         Type   Attr      Idx    E Section Name        Object

    0x20000000   0x00000217   Data   RW            5    .data               ucos_task.o
    0x20000217   0x00000001   PAD
    0x20000218   0x0000000d   Data   RW          337    .data               main.o
    0x20000225   0x00000003   PAD
    0x20000228   0x00000014   Data   RW          437    .data               system_stm32f4xx.o
    0x2000023c   0x00000004   Data   RW          470    .data               delay.o
    0x20000240   0x00000010   Data   RW          573    .data               stm32f4xx_rcc.o
    0x20000250   0x0000005c   Data   RW          757    .data               os_core.o
    0x200002ac   0x00000006   Data   RW          960    .data               os_cpu_c.o
    0x200002b2   0x00000012   Data   RW          991    .data               flash.o
    0x200002c4   0x0000000c   Data   RW         1021    .data               led_fc.o
    0x200002d0   0x0000002c   Data   RW         1093    .data               time.o
    0x200002fc   0x0000000a   Data   RW         1144    .data               nrf.o
    0x20000306   0x00000002   PAD
    0x20000308   0x00000042   Data   RW         1171    .data               rc_mine.o
    0x2000034a   0x00000002   PAD
    0x2000034c   0x00000047   Data   RW         1207    .data               rc.o
    0x20000393   0x00000001   PAD
    0x20000394   0x000001f0   Data   RW         1237    .data               usart_fc.o
    0x20000584   0x00000010   Data   RW         1284    .data               m100.o
    0x20000594   0x0000005c   Data   RW         1311    .data               sbus.o
    0x200005f0   0x000000fc   Data   RW         1338    .data               height_ctrl.o
    0x200006ec   0x000001a9   Data   RW         1374    .data               att_control.o
    0x20000895   0x00000003   PAD
    0x20000898   0x000000d0   Data   RW         1414    .data               circle.o
    0x20000968   0x00000020   Data   RW         1454    .data               eso.o
    0x20000988   0x0000000c   Data   RW         1481    .data               fliter.o
    0x20000994   0x00000404   Data   RW         1504    .data               my_math.o
    0x20000d98   0x00000230   Data   RW         1529    .data               sd.o
    0x20000fc8   0x00000024   Data   RW         1566    .data               malloc.o
    0x20000fec   0x00000002   Data   RW         1592    .data               ff.o
    0x20000fee   0x00000002   PAD
    0x20000ff0   0x00000010   Data   RW         1664    .data               sdio.o
    0x20001000   0x00000014   Data   RW         1704    .data               exfuns.o
    0x20001014   0x00002230   Zero   RW            4    .bss                ucos_task.o
    0x20003244   0x00000500   Zero   RW          336    .bss                main.o
    0x20003744   0x00001288   Zero   RW          755    .bss                os_core.o
    0x200049cc   0x00000168   Zero   RW          990    .bss                flash.o
    0x20004b34   0x000000c0   Zero   RW         1048    .bss                parameter.o
    0x20004bf4   0x000000d2   Zero   RW         1092    .bss                time.o
    0x20004cc6   0x00000040   Zero   RW         1143    .bss                nrf.o
    0x20004d06   0x00000002   PAD
    0x20004d08   0x000000d8   Zero   RW         1170    .bss                rc_mine.o
    0x20004de0   0x000000d0   Zero   RW         1206    .bss                rc.o
    0x20004eb0   0x00001074   Zero   RW         1236    .bss                usart_fc.o
    0x20005f24   0x00000104   Zero   RW         1337    .bss                height_ctrl.o
    0x20006028   0x0000034c   Zero   RW         1373    .bss                att_control.o
    0x20006374   0x00000004   PAD
    0x20006378   0x000005b8   Zero   RW         1412    .bss                circle.o
    0x20006930   0x00000780   Zero   RW         1453    .bss                eso.o
    0x200070b0   0x000009f6   Zero   RW         1480    .bss                fliter.o
    0x20007aa6   0x00000002   PAD
    0x20007aa8   0x0000088c   Zero   RW         1527    .bss                sd.o
    0x20008334   0x0000000c   PAD
    0x20008340   0x0000d480   Zero   RW         1564    .bss                malloc.o
    0x200157c0   0x0000000c   Zero   RW         1590    .bss                ff.o
    0x200157cc   0x00000004   PAD
    0x200157d0   0x000002c0   Zero   RW         1663    .bss                sdio.o
    0x20015a90   0x00000050   Zero   RW         1701    .bss                exfuns.o
    0x20015ae0   0x00000060   Zero   RW         1969    .bss                c_w.l(libspace.o)
    0x20015b40   0x00000200   Zero   RW          461    HEAP                startup_stm32f40_41xxx.o
    0x20015d40   0x00000400   Zero   RW          460    STACK               startup_stm32f40_41xxx.o



  Load Region LR$$.ARM.__AT_0x10000000 (Base: 0x10000000, Size: 0x00000000, Max: 0x00007800, ABSOLUTE)

    Execution Region ER$$.ARM.__AT_0x10000000 (Base: 0x10000000, Size: 0x00007800, Max: 0x00007800, ABSOLUTE, UNINIT)

    Base Addr    Size         Type   Attr      Idx    E Section Name        Object

    0x10000000   0x00007800   Zero   RW         1560    .ARM.__AT_0x10000000  malloc.o



  Load Region LR$$.ARM.__AT_0x10007800 (Base: 0x10007800, Size: 0x00000000, Max: 0x00000780, ABSOLUTE)

    Execution Region ER$$.ARM.__AT_0x10007800 (Base: 0x10007800, Size: 0x00000780, Max: 0x00000780, ABSOLUTE, UNINIT)

    Base Addr    Size         Type   Attr      Idx    E Section Name        Object

    0x10007800   0x00000780   Zero   RW         1561    .ARM.__AT_0x10007800  malloc.o



  Load Region LR$$.ARM.__AT_0x68000000 (Base: 0x68000000, Size: 0x00000000, Max: 0x000f0000, ABSOLUTE)

    Execution Region ER$$.ARM.__AT_0x68000000 (Base: 0x68000000, Size: 0x000f0000, Max: 0x000f0000, ABSOLUTE, UNINIT)

    Base Addr    Size         Type   Attr      Idx    E Section Name        Object

    0x68000000   0x000f0000   Zero   RW         1562    .ARM.__AT_0x68000000  malloc.o



  Load Region LR$$.ARM.__AT_0x680F0000 (Base: 0x680f0000, Size: 0x00000000, Max: 0x0000f000, ABSOLUTE)

    Execution Region ER$$.ARM.__AT_0x680F0000 (Base: 0x680f0000, Size: 0x0000f000, Max: 0x0000f000, ABSOLUTE, UNINIT)

    Base Addr    Size         Type   Attr      Idx    E Section Name        Object

    0x680f0000   0x0000f000   Zero   RW         1563    .ARM.__AT_0x680F0000  malloc.o


==============================================================================

Image component sizes


      Code (inc. data)   RO Data    RW Data    ZI Data      Debug   Object Name

     30460       2980          0        425        844      18940   att_control.o
       180         18     175304          0          0       2329   cc936.o
      4836        398          8        208       1464      12604   circle.o
       264         18          0          4          0       1415   delay.o
       356          4          0          0          0       3273   diskio.o
       232          4          0          0          0       1460   dma.o
      5428        228          0         32       1920      10233   eso.o
       408         22        180         20         80       2864   exfuns.o
     12954        136         58          2         12      39146   ff.o
      2440        198          0         18        360       3684   flash.o
      1226         42          0         12       2550       4337   fliter.o
      5692        686          0        252        260       8777   height_ctrl.o
      1232        110          0         12          0       2354   led_fc.o
      1412         56          0         16          0       4823   m100.o
       900        176          0         13       1280       9794   main.o
       556         18         36         36    1131520       5085   malloc.o
       224         20          0          0          0       1817   misc.o
      1460        110          0       1028          0       5523   my_math.o
       668         14          0         10         64       3644   nrf.o
      2196        218        256         92       4744      16019   os_core.o
       200         32          0          0          0        324   os_cpu_a.o
       488          8          0          6          0      11823   os_cpu_c.o
      2060         42          0          0          0       7224   os_flag.o
       972         16          0          0          0       4326   os_mbox.o
      1512         30          0          0          0       5785   os_q.o
       908         18          0          0          0       4058   os_sem.o
      1988         70          0          0          0       7901   os_task.o
       432         30          0          0          0       1878   os_time.o
      1588         94          0          0          0       5745   os_tmr.o
       664         70          0          0        192       1107   parameter.o
      1552        126          0         71        208       3517   rc.o
      6168        390          0         66        216       7859   rc_mine.o
       608         26          0         92          0       1848   sbus.o
      1756        160         20        560       2188       6163   sd.o
      7532        286          0         16        704      25253   sdio.o
       356          8          0          0          0        955   spi_nrf.o
        64         26        392          0       1536        836   startup_stm32f40_41xxx.o
       936         32          0          0          0       6397   stm32f4xx_dma.o
      1684         28          0          0          0       9422   stm32f4xx_flash.o
       660         44          0          0          0       4161   stm32f4xx_gpio.o
        22          0          0          0          0       1035   stm32f4xx_it.o
      1628         52          0         16          0      13032   stm32f4xx_rcc.o
       476         16          0          0          0       7420   stm32f4xx_sdio.o
      1152         36          0          0          0       6909   stm32f4xx_spi.o
      3234         60          0          0          0      23016   stm32f4xx_tim.o
      1108         34          0          0          0       7884   stm32f4xx_usart.o
        16          0          0          0          0        488   sys.o
       528         46          0         20          0       1779   system_stm32f4xx.o
      1240         86          0         44        210      31288   time.o
      8412        840          0        535       8752     360559   ucos_task.o
     11644        498          0        496       4212      23399   usart_fc.o

    ----------------------------------------------------------------------
    134720       8660     176294       4116    1163340     751512   Object Totals
         0          0         32          0          0          0   (incl. Generated)
         8          0          8         14         24          0   (incl. Padding)

    ----------------------------------------------------------------------

      Code (inc. data)   RO Data    RW Data    ZI Data      Debug   Library Member Name

        90          0          0          0          0          0   __dczerorl2.o
         8          0          0          0          0         68   __main.o
       104          0          0          0          0         84   __printf.o
         0          0          0          0          0          0   __rtentry.o
        12          0          0          0          0          0   __rtentry2.o
         6          0          0          0          0          0   __rtentry4.o
        52          8          0          0          0          0   __scatter.o
        28          0          0          0          0          0   __scatter_zi.o
        48          6          0          0          0         96   _printf_char_common.o
         6          0          0          0          0          0   _printf_d.o
       120         16          0          0          0         92   _printf_dec.o
       178          0          0          0          0         88   _printf_intcommon.o
         0          0          0          0          0          0   _printf_percent.o
         4          0          0          0          0          0   _printf_percent_end.o
        22          0          0          0          0        100   _rserrno.o
        10          0          0          0          0         68   _sputc.o
        18          0          0          0          0         80   exit.o
         6          0          0          0          0        152   heapauxi.o
         0          0          0          0          0          0   indicate_semi.o
         2          0          0          0          0          0   libinit.o
         6          0          0          0          0          0   libinit2.o
         2          0          0          0          0          0   libshutdown.o
         2          0          0          0          0          0   libshutdown2.o
         8          4          0          0         96         68   libspace.o
        72          0          0          0          0         76   llsdiv.o
       238          0          0          0          0        100   lludivv7m.o
        40          6          0          0          0         84   noretval__2sprintf.o
         8          4          0          0          0         68   rt_errno_addr_intlibspace.o
        78          0          0          0          0         80   rt_memclr_w.o
       138          0          0          0          0         68   rt_memcpy_v6.o
       100          0          0          0          0         80   rt_memcpy_w.o
         2          0          0          0          0          0   rtexit.o
        10          0          0          0          0          0   rtexit2.o
        24          0          0          0          0         68   strcat.o
       128          0          0          0          0         68   strcmpv7m.o
        72          0          0          0          0         80   strcpy.o
        62          0          0          0          0         76   strlen.o
        12          4          0          0          0         68   sys_exit.o
        74          0          0          0          0         80   sys_stackheap_outer.o
         2          0          0          0          0         68   use_no_semi.o
        24          0          0          0          0        164   basic.o
        98          4          0          0          0        140   d2f.o
       826         16          0          0          0        492   daddsub_clz.o
        16          4          0          0          0        116   dcheck1.o
        24          0          0          0          0        116   dcmpi.o
       688        140          0          0          0        256   ddiv.o
       120          4          0          0          0        140   deqf.o
        94          4          0          0          0        140   dfix.o
        90          4          0          0          0        140   dfixu.o
        84          0          0          0          0        232   dflt_clz.o
       120          4          0          0          0        140   dleqf.o
       340         12          0          0          0        152   dmul.o
       156          4          0          0          0        140   dnaninf.o
        12          0          0          0          0        116   dretinf.o
       108          0          0          0          0        128   drleqf.o
       408         56          0          0          0        168   dsqrt_umaal.o
        86          4          0          0          0        132   f2d.o
       140          4          0          0          0        132   fnaninf.o
        10          0          0          0          0        116   fpinit.o
        10          0          0          0          0        116   fretinf.o
       100          0          0          0          0        116   retnan.o
        92          0          0          0          0        116   scalbn.o
        48          0          0          0          0        116   trapv.o
         0          0          0          0          0          0   usenofp.o
       200         20          0          0          0        164   cos.o
       368         46         48          0          0        200   cos_i.o
       184         44          0          0          0        744   dunder.o
        44          0          0          0          0        248   fabs.o
        48          0          0          0          0        124   fpclassify.o
       248          0          0          0          0        152   poly.o
      3152        296        136          0          0        352   pow.o
         0          0          8          0          0          0   qnan.o
      1080        142        200          0          0        188   rred.o
       200         20          0          0          0        164   sin.o
       304         24         40          0          0        208   sin_i.o
       232          0          0          0          0        296   sqrt.o

    ----------------------------------------------------------------------
     11574        900        432          0         96       8424   Library Totals
        28          0          0          0          0          0   (incl. Padding)

    ----------------------------------------------------------------------

      Code (inc. data)   RO Data    RW Data    ZI Data      Debug   Library Name

      1792         48          0          0         96       1960   c_w.l
      3694        260          0          0          0       3624   fz_wm.l
      6060        592        432          0          0       2840   m_wm.l

    ----------------------------------------------------------------------
     11574        900        432          0         96       8424   Library Totals

    ----------------------------------------------------------------------

==============================================================================


      Code (inc. data)   RO Data    RW Data    ZI Data      Debug   

    146294       9560     176726       4116    1163436     743496   Grand Totals
    146294       9560     176726       1760    1163436     743496   ELF Image Totals (compressed)
    146294       9560     176726       1760          0          0   ROM Totals

==============================================================================

    Total RO  Size (Code + RO Data)               323020 ( 315.45kB)
    Total RW  Size (RW Data + ZI Data)           1167552 (1140.19kB)
    Total ROM Size (Code + RO Data + RW Data)     324780 ( 317.17kB)

==============================================================================

